Archive member included to satisfy reference by file (symbol)

c:/program files (x86)/atollic/truestudio for stm32 9.0.0/armtools/bin/../lib/gcc/arm-atollic-eabi/6.3.1/../../../../arm-atollic-eabi/lib/armv7e-m/fpu\libc_nano.a(lib_a-init.o)
                              startup\startup_stm32f411xe.o (__libc_init_array)
c:/program files (x86)/atollic/truestudio for stm32 9.0.0/armtools/bin/../lib/gcc/arm-atollic-eabi/6.3.1/../../../../arm-atollic-eabi/lib/armv7e-m/fpu\libc_nano.a(lib_a-malloc.o)
                              Middlewares\ST\STM32_USB_Device_Library\Class\CDC\Src\usbd_cdc.o (malloc)
c:/program files (x86)/atollic/truestudio for stm32 9.0.0/armtools/bin/../lib/gcc/arm-atollic-eabi/6.3.1/../../../../arm-atollic-eabi/lib/armv7e-m/fpu\libc_nano.a(lib_a-memcpy-stub.o)
                              Middlewares\Third_Party\FreeRTOS\Source\queue.o (memcpy)
c:/program files (x86)/atollic/truestudio for stm32 9.0.0/armtools/bin/../lib/gcc/arm-atollic-eabi/6.3.1/../../../../arm-atollic-eabi/lib/armv7e-m/fpu\libc_nano.a(lib_a-memset.o)
                              Middlewares\Third_Party\FreeRTOS\Source\CMSIS_RTOS\cmsis_os.o (memset)
c:/program files (x86)/atollic/truestudio for stm32 9.0.0/armtools/bin/../lib/gcc/arm-atollic-eabi/6.3.1/../../../../arm-atollic-eabi/lib/armv7e-m/fpu\libc_nano.a(lib_a-nano-freer.o)
                              c:/program files (x86)/atollic/truestudio for stm32 9.0.0/armtools/bin/../lib/gcc/arm-atollic-eabi/6.3.1/../../../../arm-atollic-eabi/lib/armv7e-m/fpu\libc_nano.a(lib_a-malloc.o) (_free_r)
c:/program files (x86)/atollic/truestudio for stm32 9.0.0/armtools/bin/../lib/gcc/arm-atollic-eabi/6.3.1/../../../../arm-atollic-eabi/lib/armv7e-m/fpu\libc_nano.a(lib_a-nano-mallocr.o)
                              c:/program files (x86)/atollic/truestudio for stm32 9.0.0/armtools/bin/../lib/gcc/arm-atollic-eabi/6.3.1/../../../../arm-atollic-eabi/lib/armv7e-m/fpu\libc_nano.a(lib_a-malloc.o) (_malloc_r)
c:/program files (x86)/atollic/truestudio for stm32 9.0.0/armtools/bin/../lib/gcc/arm-atollic-eabi/6.3.1/../../../../arm-atollic-eabi/lib/armv7e-m/fpu\libc_nano.a(lib_a-sbrkr.o)
                              c:/program files (x86)/atollic/truestudio for stm32 9.0.0/armtools/bin/../lib/gcc/arm-atollic-eabi/6.3.1/../../../../arm-atollic-eabi/lib/armv7e-m/fpu\libc_nano.a(lib_a-nano-mallocr.o) (_sbrk_r)
c:/program files (x86)/atollic/truestudio for stm32 9.0.0/armtools/bin/../lib/gcc/arm-atollic-eabi/6.3.1/../../../../arm-atollic-eabi/lib/armv7e-m/fpu\libc_nano.a(lib_a-impure.o)
                              c:/program files (x86)/atollic/truestudio for stm32 9.0.0/armtools/bin/../lib/gcc/arm-atollic-eabi/6.3.1/../../../../arm-atollic-eabi/lib/armv7e-m/fpu\libc_nano.a(lib_a-malloc.o) (_impure_ptr)
c:/program files (x86)/atollic/truestudio for stm32 9.0.0/armtools/bin/../lib/gcc/arm-atollic-eabi/6.3.1/../../../../arm-atollic-eabi/lib/armv7e-m/fpu\libc_nano.a(lib_a-mlock.o)
                              c:/program files (x86)/atollic/truestudio for stm32 9.0.0/armtools/bin/../lib/gcc/arm-atollic-eabi/6.3.1/../../../../arm-atollic-eabi/lib/armv7e-m/fpu\libc_nano.a(lib_a-nano-freer.o) (__malloc_lock)
c:/program files (x86)/atollic/truestudio for stm32 9.0.0/armtools/bin/../lib/gcc/arm-atollic-eabi/6.3.1/../../../../arm-atollic-eabi/lib/armv7e-m/fpu\libc_nano.a(lib_a-reent.o)
                              c:/program files (x86)/atollic/truestudio for stm32 9.0.0/armtools/bin/../lib/gcc/arm-atollic-eabi/6.3.1/../../../../arm-atollic-eabi/lib/armv7e-m/fpu\libc_nano.a(lib_a-sbrkr.o) (errno)
c:/program files (x86)/atollic/truestudio for stm32 9.0.0/armtools/bin/../lib/gcc/arm-atollic-eabi/6.3.1/armv7e-m/fpu\libgcc.a(_aeabi_uldivmod.o)
                              Drivers\STM32F4xx_HAL_Driver\Src\stm32f4xx_hal_rcc.o (__aeabi_uldivmod)
c:/program files (x86)/atollic/truestudio for stm32 9.0.0/armtools/bin/../lib/gcc/arm-atollic-eabi/6.3.1/armv7e-m/fpu\libgcc.a(_udivmoddi4.o)
                              c:/program files (x86)/atollic/truestudio for stm32 9.0.0/armtools/bin/../lib/gcc/arm-atollic-eabi/6.3.1/armv7e-m/fpu\libgcc.a(_aeabi_uldivmod.o) (__udivmoddi4)
c:/program files (x86)/atollic/truestudio for stm32 9.0.0/armtools/bin/../lib/gcc/arm-atollic-eabi/6.3.1/armv7e-m/fpu\libgcc.a(_dvmd_tls.o)
                              c:/program files (x86)/atollic/truestudio for stm32 9.0.0/armtools/bin/../lib/gcc/arm-atollic-eabi/6.3.1/armv7e-m/fpu\libgcc.a(_aeabi_uldivmod.o) (__aeabi_ldiv0)
c:/program files (x86)/atollic/truestudio for stm32 9.0.0/armtools/bin/../lib/gcc/arm-atollic-eabi/6.3.1/../../../../arm-atollic-eabi/lib/armv7e-m/fpu\libnosys.a(sbrk.o)
                              c:/program files (x86)/atollic/truestudio for stm32 9.0.0/armtools/bin/../lib/gcc/arm-atollic-eabi/6.3.1/../../../../arm-atollic-eabi/lib/armv7e-m/fpu\libc_nano.a(lib_a-sbrkr.o) (_sbrk)

Allocating common symbols
Common symbol       size              file

hUsbDeviceFS        0x224             Src\usb_device.o
[...]
Memory Configuration

Name             Origin             Length             Attributes
RAM              0x20000000         0x00020000         xrw
FLASH            0x08000000         0x00080000         xr
*default*        0x00000000         0xffffffff

Linker script and memory map

LOAD c:/program files (x86)/atollic/truestudio for stm32 9.0.0/armtools/bin/../lib/gcc/arm-atollic-eabi/6.3.1/armv7e-m/fpu/crti.o
LOAD c:/program files (x86)/atollic/truestudio for stm32 9.0.0/armtools/bin/../lib/gcc/arm-atollic-eabi/6.3.1/armv7e-m/fpu/crtbegin.o
LOAD Drivers\STM32F4xx_HAL_Driver\Src\stm32f4xx_hal.o
LOAD Drivers\STM32F4xx_HAL_Driver\Src\stm32f4xx_hal_cortex.o
LOAD Drivers\STM32F4xx_HAL_Driver\Src\stm32f4xx_hal_dma.o
LOAD Drivers\STM32F4xx_HAL_Driver\Src\stm32f4xx_hal_dma_ex.o
LOAD Drivers\STM32F4xx_HAL_Driver\Src\stm32f4xx_hal_flash.o
LOAD Drivers\STM32F4xx_HAL_Driver\Src\stm32f4xx_hal_flash_ex.o
LOAD Drivers\STM32F4xx_HAL_Driver\Src\stm32f4xx_hal_flash_ramfunc.o
LOAD Drivers\STM32F4xx_HAL_Driver\Src\stm32f4xx_hal_gpio.o
LOAD Drivers\STM32F4xx_HAL_Driver\Src\stm32f4xx_hal_pcd.o
LOAD Drivers\STM32F4xx_HAL_Driver\Src\stm32f4xx_hal_pcd_ex.o
LOAD Drivers\STM32F4xx_HAL_Driver\Src\stm32f4xx_hal_pwr.o
LOAD Drivers\STM32F4xx_HAL_Driver\Src\stm32f4xx_hal_pwr_ex.o
LOAD Drivers\STM32F4xx_HAL_Driver\Src\stm32f4xx_hal_rcc.o
LOAD Drivers\STM32F4xx_HAL_Driver\Src\stm32f4xx_hal_rcc_ex.o
LOAD Drivers\STM32F4xx_HAL_Driver\Src\stm32f4xx_hal_spi.o
LOAD Drivers\STM32F4xx_HAL_Driver\Src\stm32f4xx_hal_tim.o
LOAD Drivers\STM32F4xx_HAL_Driver\Src\stm32f4xx_hal_tim_ex.o
LOAD Drivers\STM32F4xx_HAL_Driver\Src\stm32f4xx_ll_usb.o
LOAD Middlewares\ST\STM32_USB_Device_Library\Class\CDC\Src\usbd_cdc.o
LOAD Middlewares\ST\STM32_USB_Device_Library\Core\Src\usbd_core.o
LOAD Middlewares\ST\STM32_USB_Device_Library\Core\Src\usbd_ctlreq.o
LOAD Middlewares\ST\STM32_USB_Device_Library\Core\Src\usbd_ioreq.o
LOAD Middlewares\Third_Party\FreeRTOS\Source\CMSIS_RTOS\cmsis_os.o
LOAD Middlewares\Third_Party\FreeRTOS\Source\croutine.o
LOAD Middlewares\Third_Party\FreeRTOS\Source\event_groups.o
LOAD Middlewares\Third_Party\FreeRTOS\Source\list.o
LOAD Middlewares\Third_Party\FreeRTOS\Source\portable\GCC\ARM_CM4F\port.o
LOAD Middlewares\Third_Party\FreeRTOS\Source\portable\MemMang\heap_4.o
LOAD Middlewares\Third_Party\FreeRTOS\Source\queue.o
LOAD Middlewares\Third_Party\FreeRTOS\Source\tasks.o
LOAD Middlewares\Third_Party\FreeRTOS\Source\timers.o
LOAD Src\freertos.o
LOAD Src\main.o
LOAD Src\nrf24.o
LOAD Src\nrf24_hal.o
LOAD Src\stm32f4xx_hal_msp.o
LOAD Src\stm32f4xx_hal_timebase_TIM.o
LOAD Src\stm32f4xx_it.o
LOAD Src\system_stm32f4xx.o
LOAD Src\usb_device.o
LOAD Src\usbd_cdc_if.o
LOAD Src\usbd_conf.o
LOAD Src\usbd_desc.o
LOAD startup\startup_stm32f411xe.o
                0x00000080                malloc_getpagesize_P = 0x80
START GROUP
LOAD c:/program files (x86)/atollic/truestudio for stm32 9.0.0/armtools/bin/../lib/gcc/arm-atollic-eabi/6.3.1/../../../../arm-atollic-eabi/lib/armv7e-m/fpu\libc_nano.a
LOAD c:/program files (x86)/atollic/truestudio for stm32 9.0.0/armtools/bin/../lib/gcc/arm-atollic-eabi/6.3.1/../../../../arm-atollic-eabi/lib/armv7e-m/fpu\libm.a
END GROUP
START GROUP
LOAD c:/program files (x86)/atollic/truestudio for stm32 9.0.0/armtools/bin/../lib/gcc/arm-atollic-eabi/6.3.1/armv7e-m/fpu\libgcc.a
LOAD c:/program files (x86)/atollic/truestudio for stm32 9.0.0/armtools/bin/../lib/gcc/arm-atollic-eabi/6.3.1/../../../../arm-atollic-eabi/lib/armv7e-m/fpu\libc_nano.a
END GROUP
START GROUP
LOAD c:/program files (x86)/atollic/truestudio for stm32 9.0.0/armtools/bin/../lib/gcc/arm-atollic-eabi/6.3.1/armv7e-m/fpu\libgcc.a
LOAD c:/program files (x86)/atollic/truestudio for stm32 9.0.0/armtools/bin/../lib/gcc/arm-atollic-eabi/6.3.1/../../../../arm-atollic-eabi/lib/armv7e-m/fpu\libc_nano.a
LOAD c:/program files (x86)/atollic/truestudio for stm32 9.0.0/armtools/bin/../lib/gcc/arm-atollic-eabi/6.3.1/../../../../arm-atollic-eabi/lib/armv7e-m/fpu\libnosys.a
END GROUP
START GROUP
LOAD c:/program files (x86)/atollic/truestudio for stm32 9.0.0/armtools/bin/../lib/gcc/arm-atollic-eabi/6.3.1/armv7e-m/fpu\libgcc.a
LOAD c:/program files (x86)/atollic/truestudio for stm32 9.0.0/armtools/bin/../lib/gcc/arm-atollic-eabi/6.3.1/../../../../arm-atollic-eabi/lib/armv7e-m/fpu\libc_nano.a
LOAD c:/program files (x86)/atollic/truestudio for stm32 9.0.0/armtools/bin/../lib/gcc/arm-atollic-eabi/6.3.1/../../../../arm-atollic-eabi/lib/armv7e-m/fpu\libnosys.a
END GROUP
LOAD c:/program files (x86)/atollic/truestudio for stm32 9.0.0/armtools/bin/../lib/gcc/arm-atollic-eabi/6.3.1/armv7e-m/fpu/crtend.o
LOAD c:/program files (x86)/atollic/truestudio for stm32 9.0.0/armtools/bin/../lib/gcc/arm-atollic-eabi/6.3.1/armv7e-m/fpu/crtn.o
                0x20020000                _estack = 0x20020000
                0x00000200                _Min_Heap_Size = 0x200
                0x00000400                _Min_Stack_Size = 0x400

.isr_vector     0x08000000      0x198
                0x08000000                . = ALIGN (0x4)
 *(.isr_vector)
 .isr_vector    0x08000000      0x198 startup\startup_stm32f411xe.o
                0x08000000                g_pfnVectors
                0x08000198                . = ALIGN (0x4)

.text           0x080001a0     0x8010
                0x080001a0                . = ALIGN (0x4)
 *(.text)
 .text          0x080001a0       0x40 c:/program files (x86)/atollic/truestudio for stm32 9.0.0/armtools/bin/../lib/gcc/arm-atollic-eabi/6.3.1/armv7e-m/fpu/crtbegin.o
 .text          0x080001e0       0x30 c:/program files (x86)/atollic/truestudio for stm32 9.0.0/armtools/bin/../lib/gcc/arm-atollic-eabi/6.3.1/armv7e-m/fpu\libgcc.a(_aeabi_uldivmod.o)
                0x080001e0                __aeabi_uldivmod
 .text          0x08000210      0x2dc c:/program files (x86)/atollic/truestudio for stm32 9.0.0/armtools/bin/../lib/gcc/arm-atollic-eabi/6.3.1/armv7e-m/fpu\libgcc.a(_udivmoddi4.o)
                0x08000210                __udivmoddi4
 .text          0x080004ec        0x4 c:/program files (x86)/atollic/truestudio for stm32 9.0.0/armtools/bin/../lib/gcc/arm-atollic-eabi/6.3.1/armv7e-m/fpu\libgcc.a(_dvmd_tls.o)
                0x080004ec                __aeabi_idiv0
                0x080004ec                __aeabi_ldiv0
 *(.text*)
 .text.HAL_Init
                0x080004f0       0x44 Drivers\STM32F4xx_HAL_Driver\Src\stm32f4xx_hal.o
                0x080004f0                HAL_Init
 .text.HAL_IncTick
                0x08000534       0x28 Drivers\STM32F4xx_HAL_Driver\Src\stm32f4xx_hal.o
                0x08000534                HAL_IncTick
 .text.HAL_GetTick
                0x0800055c       0x18 Drivers\STM32F4xx_HAL_Driver\Src\stm32f4xx_hal.o
                0x0800055c                HAL_GetTick
 .text.HAL_Delay
                0x08000574       0x44 Drivers\STM32F4xx_HAL_Driver\Src\stm32f4xx_hal.o
                0x08000574                HAL_Delay
 .text.NVIC_SetPriorityGrouping
                0x080005b8       0x48 Drivers\STM32F4xx_HAL_Driver\Src\stm32f4xx_hal_cortex.o
 .text.NVIC_GetPriorityGrouping
                0x08000600       0x1c Drivers\STM32F4xx_HAL_Driver\Src\stm32f4xx_hal_cortex.o
 .text.NVIC_EnableIRQ
                0x0800061c       0x34 Drivers\STM32F4xx_HAL_Driver\Src\stm32f4xx_hal_cortex.o
 .text.NVIC_SetPriority
                0x08000650       0x54 Drivers\STM32F4xx_HAL_Driver\Src\stm32f4xx_hal_cortex.o
 .text.NVIC_EncodePriority
                0x080006a4       0x62 Drivers\STM32F4xx_HAL_Driver\Src\stm32f4xx_hal_cortex.o
 *fill*         0x08000706        0x2 
 .text.SysTick_Config
                0x08000708       0x44 Drivers\STM32F4xx_HAL_Driver\Src\stm32f4xx_hal_cortex.o
 .text.HAL_NVIC_SetPriorityGrouping
                0x0800074c       0x16 Drivers\STM32F4xx_HAL_Driver\Src\stm32f4xx_hal_cortex.o
                0x0800074c                HAL_NVIC_SetPriorityGrouping
 .text.HAL_NVIC_SetPriority
                0x08000762       0x38 Drivers\STM32F4xx_HAL_Driver\Src\stm32f4xx_hal_cortex.o
                0x08000762                HAL_NVIC_SetPriority
 .text.HAL_NVIC_EnableIRQ
                0x0800079a       0x1c Drivers\STM32F4xx_HAL_Driver\Src\stm32f4xx_hal_cortex.o
                0x0800079a                HAL_NVIC_EnableIRQ
 .text.HAL_SYSTICK_Config
                0x080007b6       0x18 Drivers\STM32F4xx_HAL_Driver\Src\stm32f4xx_hal_cortex.o
                0x080007b6                HAL_SYSTICK_Config
 *fill*         0x080007ce        0x2 
 .text.HAL_SYSTICK_CLKSourceConfig
                0x080007d0       0x38 Drivers\STM32F4xx_HAL_Driver\Src\stm32f4xx_hal_cortex.o
                0x080007d0                HAL_SYSTICK_CLKSourceConfig
 .text.HAL_GPIO_Init
                0x08000808      0x304 Drivers\STM32F4xx_HAL_Driver\Src\stm32f4xx_hal_gpio.o
                0x08000808                HAL_GPIO_Init
 .text.HAL_GPIO_WritePin
                0x08000b0c       0x32 Drivers\STM32F4xx_HAL_Driver\Src\stm32f4xx_hal_gpio.o
                0x08000b0c                HAL_GPIO_WritePin
 .text.HAL_GPIO_TogglePin
                0x08000b3e       0x24 Drivers\STM32F4xx_HAL_Driver\Src\stm32f4xx_hal_gpio.o
                0x08000b3e                HAL_GPIO_TogglePin
 .text.HAL_PCD_Init
                0x08000b62      0x20e Drivers\STM32F4xx_HAL_Driver\Src\stm32f4xx_hal_pcd.o
                0x08000b62                HAL_PCD_Init
 .text.HAL_PCD_Start
                0x08000d70       0x44 Drivers\STM32F4xx_HAL_Driver\Src\stm32f4xx_hal_pcd.o
                0x08000d70                HAL_PCD_Start
 .text.HAL_PCD_IRQHandler
                0x08000db4      0x914 Drivers\STM32F4xx_HAL_Driver\Src\stm32f4xx_hal_pcd.o
                0x08000db4                HAL_PCD_IRQHandler
 .text.HAL_PCD_SetAddress
                0x080016c8       0x42 Drivers\STM32F4xx_HAL_Driver\Src\stm32f4xx_hal_pcd.o
                0x080016c8                HAL_PCD_SetAddress
 .text.HAL_PCD_EP_Open
                0x0800170a       0xd0 Drivers\STM32F4xx_HAL_Driver\Src\stm32f4xx_hal_pcd.o
                0x0800170a                HAL_PCD_EP_Open
 .text.HAL_PCD_EP_Close
                0x080017da       0x94 Drivers\STM32F4xx_HAL_Driver\Src\stm32f4xx_hal_pcd.o
                0x080017da                HAL_PCD_EP_Close
 .text.HAL_PCD_EP_Receive
                0x0800186e       0x94 Drivers\STM32F4xx_HAL_Driver\Src\stm32f4xx_hal_pcd.o
                0x0800186e                HAL_PCD_EP_Receive
 .text.HAL_PCD_EP_GetRxCount
                0x08001902       0x32 Drivers\STM32F4xx_HAL_Driver\Src\stm32f4xx_hal_pcd.o
                0x08001902                HAL_PCD_EP_GetRxCount
 .text.HAL_PCD_EP_Transmit
                0x08001934       0x92 Drivers\STM32F4xx_HAL_Driver\Src\stm32f4xx_hal_pcd.o
                0x08001934                HAL_PCD_EP_Transmit
 .text.HAL_PCD_EP_SetStall
                0x080019c6       0xb6 Drivers\STM32F4xx_HAL_Driver\Src\stm32f4xx_hal_pcd.o
                0x080019c6                HAL_PCD_EP_SetStall
 .text.HAL_PCD_EP_ClrStall
                0x08001a7c       0x96 Drivers\STM32F4xx_HAL_Driver\Src\stm32f4xx_hal_pcd.o
                0x08001a7c                HAL_PCD_EP_ClrStall
 .text.PCD_WriteEmptyTxFifo
                0x08001b12      0x104 Drivers\STM32F4xx_HAL_Driver\Src\stm32f4xx_hal_pcd.o
 .text.HAL_PCDEx_SetTxFiFo
                0x08001c16       0x96 Drivers\STM32F4xx_HAL_Driver\Src\stm32f4xx_hal_pcd_ex.o
                0x08001c16                HAL_PCDEx_SetTxFiFo
 .text.HAL_PCDEx_SetRxFiFo
                0x08001cac       0x22 Drivers\STM32F4xx_HAL_Driver\Src\stm32f4xx_hal_pcd_ex.o
                0x08001cac                HAL_PCDEx_SetRxFiFo
 *fill*         0x08001cce        0x2 
 .text.HAL_RCC_OscConfig
                0x08001cd0      0x484 Drivers\STM32F4xx_HAL_Driver\Src\stm32f4xx_hal_rcc.o
                0x08001cd0                HAL_RCC_OscConfig
 .text.HAL_RCC_ClockConfig
                0x08002154      0x1c4 Drivers\STM32F4xx_HAL_Driver\Src\stm32f4xx_hal_rcc.o
                0x08002154                HAL_RCC_ClockConfig
 .text.HAL_RCC_GetSysClockFreq
                0x08002318      0x1b0 Drivers\STM32F4xx_HAL_Driver\Src\stm32f4xx_hal_rcc.o
                0x08002318                HAL_RCC_GetSysClockFreq
 .text.HAL_RCC_GetHCLKFreq
                0x080024c8       0x18 Drivers\STM32F4xx_HAL_Driver\Src\stm32f4xx_hal_rcc.o
                0x080024c8                HAL_RCC_GetHCLKFreq
 .text.HAL_RCC_GetPCLK2Freq
                0x080024e0       0x28 Drivers\STM32F4xx_HAL_Driver\Src\stm32f4xx_hal_rcc.o
                0x080024e0                HAL_RCC_GetPCLK2Freq
 .text.HAL_RCC_GetClockConfig
                0x08002508       0x64 Drivers\STM32F4xx_HAL_Driver\Src\stm32f4xx_hal_rcc.o
                0x08002508                HAL_RCC_GetClockConfig
 .text.HAL_SPI_Init
                0x0800256c       0xc6 Drivers\STM32F4xx_HAL_Driver\Src\stm32f4xx_hal_spi.o
                0x0800256c                HAL_SPI_Init
 .text.HAL_SPI_TransmitReceive
                0x08002632      0x33e Drivers\STM32F4xx_HAL_Driver\Src\stm32f4xx_hal_spi.o
                0x08002632                HAL_SPI_TransmitReceive
 .text.SPI_WaitFlagStateUntilTimeout
                0x08002970       0xd2 Drivers\STM32F4xx_HAL_Driver\Src\stm32f4xx_hal_spi.o
 .text.SPI_CheckFlag_BSY
                0x08002a42       0x3c Drivers\STM32F4xx_HAL_Driver\Src\stm32f4xx_hal_spi.o
 .text.HAL_TIM_Base_Init
                0x08002a7e       0x56 Drivers\STM32F4xx_HAL_Driver\Src\stm32f4xx_hal_tim.o
                0x08002a7e                HAL_TIM_Base_Init
 .text.HAL_TIM_Base_MspInit
                0x08002ad4       0x14 Drivers\STM32F4xx_HAL_Driver\Src\stm32f4xx_hal_tim.o
                0x08002ad4                HAL_TIM_Base_MspInit
 .text.HAL_TIM_Base_Start_IT
                0x08002ae8       0x36 Drivers\STM32F4xx_HAL_Driver\Src\stm32f4xx_hal_tim.o
                0x08002ae8                HAL_TIM_Base_Start_IT
 .text.HAL_TIM_IRQHandler
                0x08002b1e      0x210 Drivers\STM32F4xx_HAL_Driver\Src\stm32f4xx_hal_tim.o
                0x08002b1e                HAL_TIM_IRQHandler
 .text.HAL_TIM_OC_DelayElapsedCallback
                0x08002d2e       0x14 Drivers\STM32F4xx_HAL_Driver\Src\stm32f4xx_hal_tim.o
                0x08002d2e                HAL_TIM_OC_DelayElapsedCallback
 .text.HAL_TIM_IC_CaptureCallback
                0x08002d42       0x14 Drivers\STM32F4xx_HAL_Driver\Src\stm32f4xx_hal_tim.o
                0x08002d42                HAL_TIM_IC_CaptureCallback
 .text.HAL_TIM_PWM_PulseFinishedCallback
                0x08002d56       0x14 Drivers\STM32F4xx_HAL_Driver\Src\stm32f4xx_hal_tim.o
                0x08002d56                HAL_TIM_PWM_PulseFinishedCallback
 .text.HAL_TIM_TriggerCallback
                0x08002d6a       0x14 Drivers\STM32F4xx_HAL_Driver\Src\stm32f4xx_hal_tim.o
                0x08002d6a                HAL_TIM_TriggerCallback
 *fill*         0x08002d7e        0x2 
 .text.TIM_Base_SetConfig
                0x08002d80      0x108 Drivers\STM32F4xx_HAL_Driver\Src\stm32f4xx_hal_tim.o
                0x08002d80                TIM_Base_SetConfig
 .text.HAL_TIMEx_CommutationCallback
                0x08002e88       0x14 Drivers\STM32F4xx_HAL_Driver\Src\stm32f4xx_hal_tim_ex.o
                0x08002e88                HAL_TIMEx_CommutationCallback
 .text.HAL_TIMEx_BreakCallback
                0x08002e9c       0x14 Drivers\STM32F4xx_HAL_Driver\Src\stm32f4xx_hal_tim_ex.o
                0x08002e9c                HAL_TIMEx_BreakCallback
 .text.USB_CoreInit
                0x08002eb0       0xa2 Drivers\STM32F4xx_HAL_Driver\Src\stm32f4xx_ll_usb.o
                0x08002eb0                USB_CoreInit
 .text.USB_EnableGlobalInt
                0x08002f52       0x22 Drivers\STM32F4xx_HAL_Driver\Src\stm32f4xx_ll_usb.o
                0x08002f52                USB_EnableGlobalInt
 .text.USB_DisableGlobalInt
                0x08002f74       0x22 Drivers\STM32F4xx_HAL_Driver\Src\stm32f4xx_ll_usb.o
                0x08002f74                USB_DisableGlobalInt
 .text.USB_SetCurrentMode
                0x08002f96       0x4e Drivers\STM32F4xx_HAL_Driver\Src\stm32f4xx_ll_usb.o
                0x08002f96                USB_SetCurrentMode
 .text.USB_DevInit
                0x08002fe4      0x264 Drivers\STM32F4xx_HAL_Driver\Src\stm32f4xx_ll_usb.o
                0x08002fe4                USB_DevInit
 .text.USB_FlushTxFifo
                0x08003248       0x4c Drivers\STM32F4xx_HAL_Driver\Src\stm32f4xx_ll_usb.o
                0x08003248                USB_FlushTxFifo
 .text.USB_FlushRxFifo
                0x08003294       0x44 Drivers\STM32F4xx_HAL_Driver\Src\stm32f4xx_ll_usb.o
                0x08003294                USB_FlushRxFifo
 .text.USB_SetDevSpeed
                0x080032d8       0x30 Drivers\STM32F4xx_HAL_Driver\Src\stm32f4xx_ll_usb.o
                0x080032d8                USB_SetDevSpeed
 .text.USB_GetDevSpeed
                0x08003308       0x6a Drivers\STM32F4xx_HAL_Driver\Src\stm32f4xx_ll_usb.o
                0x08003308                USB_GetDevSpeed
 .text.USB_ActivateEndpoint
                0x08003372      0x112 Drivers\STM32F4xx_HAL_Driver\Src\stm32f4xx_ll_usb.o
                0x08003372                USB_ActivateEndpoint
 .text.USB_DeactivateEndpoint
                0x08003484      0x184 Drivers\STM32F4xx_HAL_Driver\Src\stm32f4xx_ll_usb.o
                0x08003484                USB_DeactivateEndpoint
 .text.USB_EPStartXfer
                0x08003608      0x484 Drivers\STM32F4xx_HAL_Driver\Src\stm32f4xx_ll_usb.o
                0x08003608                USB_EPStartXfer
 .text.USB_EP0StartXfer
                0x08003a8c      0x2be Drivers\STM32F4xx_HAL_Driver\Src\stm32f4xx_ll_usb.o
                0x08003a8c                USB_EP0StartXfer
 .text.USB_WritePacket
                0x08003d4a       0x6a Drivers\STM32F4xx_HAL_Driver\Src\stm32f4xx_ll_usb.o
                0x08003d4a                USB_WritePacket
 .text.USB_ReadPacket
                0x08003db4       0x4e Drivers\STM32F4xx_HAL_Driver\Src\stm32f4xx_ll_usb.o
                0x08003db4                USB_ReadPacket
 .text.USB_EPSetStall
                0x08003e02       0xe2 Drivers\STM32F4xx_HAL_Driver\Src\stm32f4xx_ll_usb.o
                0x08003e02                USB_EPSetStall
 .text.USB_EPClearStall
                0x08003ee4       0xda Drivers\STM32F4xx_HAL_Driver\Src\stm32f4xx_ll_usb.o
                0x08003ee4                USB_EPClearStall
 .text.USB_SetDevAddress
                0x08003fbe       0x4c Drivers\STM32F4xx_HAL_Driver\Src\stm32f4xx_ll_usb.o
                0x08003fbe                USB_SetDevAddress
 .text.USB_DevConnect
                0x0800400a       0x2e Drivers\STM32F4xx_HAL_Driver\Src\stm32f4xx_ll_usb.o
                0x0800400a                USB_DevConnect
 .text.USB_DevDisconnect
                0x08004038       0x2e Drivers\STM32F4xx_HAL_Driver\Src\stm32f4xx_ll_usb.o
                0x08004038                USB_DevDisconnect
 .text.USB_ReadInterrupts
                0x08004066       0x2a Drivers\STM32F4xx_HAL_Driver\Src\stm32f4xx_ll_usb.o
                0x08004066                USB_ReadInterrupts
 .text.USB_ReadDevAllOutEpInterrupt
                0x08004090       0x30 Drivers\STM32F4xx_HAL_Driver\Src\stm32f4xx_ll_usb.o
                0x08004090                USB_ReadDevAllOutEpInterrupt
 .text.USB_ReadDevAllInEpInterrupt
                0x080040c0       0x30 Drivers\STM32F4xx_HAL_Driver\Src\stm32f4xx_ll_usb.o
                0x080040c0                USB_ReadDevAllInEpInterrupt
 .text.USB_ReadDevOutEPInterrupt
                0x080040f0       0x38 Drivers\STM32F4xx_HAL_Driver\Src\stm32f4xx_ll_usb.o
                0x080040f0                USB_ReadDevOutEPInterrupt
 .text.USB_ReadDevInEPInterrupt
                0x08004128       0x54 Drivers\STM32F4xx_HAL_Driver\Src\stm32f4xx_ll_usb.o
                0x08004128                USB_ReadDevInEPInterrupt
 .text.USB_GetMode
                0x0800417c       0x1c Drivers\STM32F4xx_HAL_Driver\Src\stm32f4xx_ll_usb.o
                0x0800417c                USB_GetMode
 .text.USB_ActivateSetup
                0x08004198       0x6c Drivers\STM32F4xx_HAL_Driver\Src\stm32f4xx_ll_usb.o
                0x08004198                USB_ActivateSetup
 .text.USB_EP0_OutStart
                0x08004204       0x8a Drivers\STM32F4xx_HAL_Driver\Src\stm32f4xx_ll_usb.o
                0x08004204                USB_EP0_OutStart
 *fill*         0x0800428e        0x2 
 .text.USB_CoreReset
                0x08004290       0x68 Drivers\STM32F4xx_HAL_Driver\Src\stm32f4xx_ll_usb.o
 .text.USBD_CDC_Init
                0x080042f8       0xd4 Middlewares\ST\STM32_USB_Device_Library\Class\CDC\Src\usbd_cdc.o
 .text.USBD_CDC_DeInit
                0x080043cc       0x5a Middlewares\ST\STM32_USB_Device_Library\Class\CDC\Src\usbd_cdc.o
 *fill*         0x08004426        0x2 
 .text.USBD_CDC_Setup
                0x08004428       0xbc Middlewares\ST\STM32_USB_Device_Library\Class\CDC\Src\usbd_cdc.o
 .text.USBD_CDC_DataIn
                0x080044e4       0x38 Middlewares\ST\STM32_USB_Device_Library\Class\CDC\Src\usbd_cdc.o
 .text.USBD_CDC_DataOut
                0x0800451c       0x56 Middlewares\ST\STM32_USB_Device_Library\Class\CDC\Src\usbd_cdc.o
 .text.USBD_CDC_EP0_RxReady
                0x08004572       0x50 Middlewares\ST\STM32_USB_Device_Library\Class\CDC\Src\usbd_cdc.o
 *fill*         0x080045c2        0x2 
 .text.USBD_CDC_GetFSCfgDesc
                0x080045c4       0x20 Middlewares\ST\STM32_USB_Device_Library\Class\CDC\Src\usbd_cdc.o
 .text.USBD_CDC_GetHSCfgDesc
                0x080045e4       0x20 Middlewares\ST\STM32_USB_Device_Library\Class\CDC\Src\usbd_cdc.o
 .text.USBD_CDC_GetOtherSpeedCfgDesc
                0x08004604       0x20 Middlewares\ST\STM32_USB_Device_Library\Class\CDC\Src\usbd_cdc.o
 .text.USBD_CDC_GetDeviceQualifierDescriptor
                0x08004624       0x20 Middlewares\ST\STM32_USB_Device_Library\Class\CDC\Src\usbd_cdc.o
                0x08004624                USBD_CDC_GetDeviceQualifierDescriptor
 .text.USBD_CDC_RegisterInterface
                0x08004644       0x2e Middlewares\ST\STM32_USB_Device_Library\Class\CDC\Src\usbd_cdc.o
                0x08004644                USBD_CDC_RegisterInterface
 .text.USBD_CDC_SetTxBuffer
                0x08004672       0x34 Middlewares\ST\STM32_USB_Device_Library\Class\CDC\Src\usbd_cdc.o
                0x08004672                USBD_CDC_SetTxBuffer
 .text.USBD_CDC_SetRxBuffer
                0x080046a6       0x28 Middlewares\ST\STM32_USB_Device_Library\Class\CDC\Src\usbd_cdc.o
                0x080046a6                USBD_CDC_SetRxBuffer
 .text.USBD_CDC_TransmitPacket
                0x080046ce       0x54 Middlewares\ST\STM32_USB_Device_Library\Class\CDC\Src\usbd_cdc.o
                0x080046ce                USBD_CDC_TransmitPacket
 .text.USBD_CDC_ReceivePacket
                0x08004722       0x54 Middlewares\ST\STM32_USB_Device_Library\Class\CDC\Src\usbd_cdc.o
                0x08004722                USBD_CDC_ReceivePacket
 .text.USBD_Init
                0x08004776       0x56 Middlewares\ST\STM32_USB_Device_Library\Core\Src\usbd_core.o
                0x08004776                USBD_Init
 .text.USBD_RegisterClass
                0x080047cc       0x34 Middlewares\ST\STM32_USB_Device_Library\Core\Src\usbd_core.o
                0x080047cc                USBD_RegisterClass
 .text.USBD_Start
                0x08004800       0x18 Middlewares\ST\STM32_USB_Device_Library\Core\Src\usbd_core.o
                0x08004800                USBD_Start
 .text.USBD_RunTestMode
                0x08004818       0x16 Middlewares\ST\STM32_USB_Device_Library\Core\Src\usbd_core.o
                0x08004818                USBD_RunTestMode
 .text.USBD_SetClassConfig
                0x0800482e       0x3e Middlewares\ST\STM32_USB_Device_Library\Core\Src\usbd_core.o
                0x0800482e                USBD_SetClassConfig
 .text.USBD_ClrClassConfig
                0x0800486c       0x26 Middlewares\ST\STM32_USB_Device_Library\Core\Src\usbd_core.o
                0x0800486c                USBD_ClrClassConfig
 .text.USBD_LL_SetupStage
                0x08004892       0x94 Middlewares\ST\STM32_USB_Device_Library\Core\Src\usbd_core.o
                0x08004892                USBD_LL_SetupStage
 .text.USBD_LL_DataOutStage
                0x08004926       0xb6 Middlewares\ST\STM32_USB_Device_Library\Core\Src\usbd_core.o
                0x08004926                USBD_LL_DataOutStage
 .text.USBD_LL_DataInStage
                0x080049dc      0x11e Middlewares\ST\STM32_USB_Device_Library\Core\Src\usbd_core.o
                0x080049dc                USBD_LL_DataInStage
 .text.USBD_LL_Reset
                0x08004afa       0x5e Middlewares\ST\STM32_USB_Device_Library\Core\Src\usbd_core.o
                0x08004afa                USBD_LL_Reset
 .text.USBD_LL_SetSpeed
                0x08004b58       0x20 Middlewares\ST\STM32_USB_Device_Library\Core\Src\usbd_core.o
                0x08004b58                USBD_LL_SetSpeed
 .text.USBD_LL_Suspend
                0x08004b78       0x2a Middlewares\ST\STM32_USB_Device_Library\Core\Src\usbd_core.o
                0x08004b78                USBD_LL_Suspend
 .text.USBD_LL_Resume
                0x08004ba2       0x22 Middlewares\ST\STM32_USB_Device_Library\Core\Src\usbd_core.o
                0x08004ba2                USBD_LL_Resume
 .text.USBD_LL_SOF
                0x08004bc4       0x34 Middlewares\ST\STM32_USB_Device_Library\Core\Src\usbd_core.o
                0x08004bc4                USBD_LL_SOF
 .text.USBD_LL_IsoINIncomplete
                0x08004bf8       0x1a Middlewares\ST\STM32_USB_Device_Library\Core\Src\usbd_core.o
                0x08004bf8                USBD_LL_IsoINIncomplete
 .text.USBD_LL_IsoOUTIncomplete
                0x08004c12       0x1a Middlewares\ST\STM32_USB_Device_Library\Core\Src\usbd_core.o
                0x08004c12                USBD_LL_IsoOUTIncomplete
 .text.USBD_LL_DevConnected
                0x08004c2c       0x16 Middlewares\ST\STM32_USB_Device_Library\Core\Src\usbd_core.o
                0x08004c2c                USBD_LL_DevConnected
 .text.USBD_LL_DevDisconnected
                0x08004c42       0x2e Middlewares\ST\STM32_USB_Device_Library\Core\Src\usbd_core.o
                0x08004c42                USBD_LL_DevDisconnected
 .text.USBD_StdDevReq
                0x08004c70       0xa0 Middlewares\ST\STM32_USB_Device_Library\Core\Src\usbd_ctlreq.o
                0x08004c70                USBD_StdDevReq
 .text.USBD_StdItfReq
                0x08004d10       0x66 Middlewares\ST\STM32_USB_Device_Library\Core\Src\usbd_ctlreq.o
                0x08004d10                USBD_StdItfReq
 .text.USBD_StdEPReq
                0x08004d76      0x1b0 Middlewares\ST\STM32_USB_Device_Library\Core\Src\usbd_ctlreq.o
                0x08004d76                USBD_StdEPReq
 *fill*         0x08004f26        0x2 
 .text.USBD_GetDescriptor
                0x08004f28      0x1e8 Middlewares\ST\STM32_USB_Device_Library\Core\Src\usbd_ctlreq.o
 .text.USBD_SetAddress
                0x08005110       0x7c Middlewares\ST\STM32_USB_Device_Library\Core\Src\usbd_ctlreq.o
 .text.USBD_SetConfig
                0x0800518c      0x110 Middlewares\ST\STM32_USB_Device_Library\Core\Src\usbd_ctlreq.o
 .text.USBD_GetConfig
                0x0800529c       0x64 Middlewares\ST\STM32_USB_Device_Library\Core\Src\usbd_ctlreq.o
 .text.USBD_GetStatus
                0x08005300       0x54 Middlewares\ST\STM32_USB_Device_Library\Core\Src\usbd_ctlreq.o
 .text.USBD_SetFeature
                0x08005354       0x36 Middlewares\ST\STM32_USB_Device_Library\Core\Src\usbd_ctlreq.o
 .text.USBD_ClrFeature
                0x0800538a       0x50 Middlewares\ST\STM32_USB_Device_Library\Core\Src\usbd_ctlreq.o
 .text.USBD_ParseSetupRequest
                0x080053da       0x7a Middlewares\ST\STM32_USB_Device_Library\Core\Src\usbd_ctlreq.o
                0x080053da                USBD_ParseSetupRequest
 .text.USBD_CtlError
                0x08005454       0x22 Middlewares\ST\STM32_USB_Device_Library\Core\Src\usbd_ctlreq.o
                0x08005454                USBD_CtlError
 .text.USBD_GetString
                0x08005476       0x86 Middlewares\ST\STM32_USB_Device_Library\Core\Src\usbd_ctlreq.o
                0x08005476                USBD_GetString
 .text.USBD_GetLen
                0x080054fc       0x30 Middlewares\ST\STM32_USB_Device_Library\Core\Src\usbd_ctlreq.o
 .text.USBD_CtlSendData
                0x0800552c       0x38 Middlewares\ST\STM32_USB_Device_Library\Core\Src\usbd_ioreq.o
                0x0800552c                USBD_CtlSendData
 .text.USBD_CtlContinueSendData
                0x08005564       0x24 Middlewares\ST\STM32_USB_Device_Library\Core\Src\usbd_ioreq.o
                0x08005564                USBD_CtlContinueSendData
 .text.USBD_CtlPrepareRx
                0x08005588       0x3c Middlewares\ST\STM32_USB_Device_Library\Core\Src\usbd_ioreq.o
                0x08005588                USBD_CtlPrepareRx
 .text.USBD_CtlContinueRx
                0x080055c4       0x24 Middlewares\ST\STM32_USB_Device_Library\Core\Src\usbd_ioreq.o
                0x080055c4                USBD_CtlContinueRx
 .text.USBD_CtlSendStatus
                0x080055e8       0x26 Middlewares\ST\STM32_USB_Device_Library\Core\Src\usbd_ioreq.o
                0x080055e8                USBD_CtlSendStatus
 .text.USBD_CtlReceiveStatus
                0x0800560e       0x26 Middlewares\ST\STM32_USB_Device_Library\Core\Src\usbd_ioreq.o
                0x0800560e                USBD_CtlReceiveStatus
 .text.makeFreeRtosPriority
                0x08005634       0x30 Middlewares\Third_Party\FreeRTOS\Source\CMSIS_RTOS\cmsis_os.o
 .text.osKernelStart
                0x08005664        0xe Middlewares\Third_Party\FreeRTOS\Source\CMSIS_RTOS\cmsis_os.o
                0x08005664                osKernelStart
 .text.osThreadCreate
                0x08005672       0x4e Middlewares\Third_Party\FreeRTOS\Source\CMSIS_RTOS\cmsis_os.o
                0x08005672                osThreadCreate
 .text.osDelay  0x080056c0       0x28 Middlewares\Third_Party\FreeRTOS\Source\CMSIS_RTOS\cmsis_os.o
                0x080056c0                osDelay
 .text.osSystickHandler
                0x080056e8       0x16 Middlewares\Third_Party\FreeRTOS\Source\CMSIS_RTOS\cmsis_os.o
                0x080056e8                osSystickHandler
 .text.vListInitialise
                0x080056fe       0x40 Middlewares\Third_Party\FreeRTOS\Source\list.o
                0x080056fe                vListInitialise
 .text.vListInitialiseItem
                0x0800573e       0x1a Middlewares\Third_Party\FreeRTOS\Source\list.o
                0x0800573e                vListInitialiseItem
 .text.vListInsertEnd
                0x08005758       0x48 Middlewares\Third_Party\FreeRTOS\Source\list.o
                0x08005758                vListInsertEnd
 .text.vListInsert
                0x080057a0       0x72 Middlewares\Third_Party\FreeRTOS\Source\list.o
                0x080057a0                vListInsert
 .text.uxListRemove
                0x08005812       0x54 Middlewares\Third_Party\FreeRTOS\Source\list.o
                0x08005812                uxListRemove
 *fill*         0x08005866        0x2 
 .text.pxPortInitialiseStack
                0x08005868       0x68 Middlewares\Third_Party\FreeRTOS\Source\portable\GCC\ARM_CM4F\port.o
                0x08005868                pxPortInitialiseStack
 .text.prvTaskExitError
                0x080058d0       0x3c Middlewares\Third_Party\FreeRTOS\Source\portable\GCC\ARM_CM4F\port.o
 *fill*         0x0800590c        0x4 
 .text.SVC_Handler
                0x08005910       0x28 Middlewares\Third_Party\FreeRTOS\Source\portable\GCC\ARM_CM4F\port.o
                0x08005910                SVC_Handler
 .text.prvPortStartFirstTask
                0x08005938       0x20 Middlewares\Third_Party\FreeRTOS\Source\portable\GCC\ARM_CM4F\port.o
 .text.xPortStartScheduler
                0x08005958      0x118 Middlewares\Third_Party\FreeRTOS\Source\portable\GCC\ARM_CM4F\port.o
                0x08005958                xPortStartScheduler
 .text.vPortEnterCritical
                0x08005a70       0x5c Middlewares\Third_Party\FreeRTOS\Source\portable\GCC\ARM_CM4F\port.o
                0x08005a70                vPortEnterCritical
 .text.vPortExitCritical
                0x08005acc       0x50 Middlewares\Third_Party\FreeRTOS\Source\portable\GCC\ARM_CM4F\port.o
                0x08005acc                vPortExitCritical
 *fill*         0x08005b1c        0x4 
 .text.PendSV_Handler
                0x08005b20       0x68 Middlewares\Third_Party\FreeRTOS\Source\portable\GCC\ARM_CM4F\port.o
                0x08005b20                PendSV_Handler
 .text.xPortSysTickHandler
                0x08005b88       0x40 Middlewares\Third_Party\FreeRTOS\Source\portable\GCC\ARM_CM4F\port.o
                0x08005b88                xPortSysTickHandler
 .text.vPortSetupTimerInterrupt
                0x08005bc8       0x38 Middlewares\Third_Party\FreeRTOS\Source\portable\GCC\ARM_CM4F\port.o
                0x08005bc8                vPortSetupTimerInterrupt
 .text.vPortEnableVFP
                0x08005c00       0x14 Middlewares\Third_Party\FreeRTOS\Source\portable\GCC\ARM_CM4F\port.o
 .text.pvPortMalloc
                0x08005c14      0x184 Middlewares\Third_Party\FreeRTOS\Source\portable\MemMang\heap_4.o
                0x08005c14                pvPortMalloc
 .text.vPortFree
                0x08005d98       0xb0 Middlewares\Third_Party\FreeRTOS\Source\portable\MemMang\heap_4.o
                0x08005d98                vPortFree
 .text.prvHeapInit
                0x08005e48       0xc4 Middlewares\Third_Party\FreeRTOS\Source\portable\MemMang\heap_4.o
 .text.prvInsertBlockIntoFreeList
                0x08005f0c       0xb4 Middlewares\Third_Party\FreeRTOS\Source\portable\MemMang\heap_4.o
 .text.xTaskCreate
                0x08005fc0       0x82 Middlewares\Third_Party\FreeRTOS\Source\tasks.o
                0x08005fc0                xTaskCreate
 .text.prvInitialiseNewTask
                0x08006042       0xfc Middlewares\Third_Party\FreeRTOS\Source\tasks.o
 *fill*         0x0800613e        0x2 
 .text.prvAddNewTaskToReadyList
                0x08006140       0xd4 Middlewares\Third_Party\FreeRTOS\Source\tasks.o
 .text.vTaskDelay
                0x08006214       0x68 Middlewares\Third_Party\FreeRTOS\Source\tasks.o
                0x08006214                vTaskDelay
 .text.vTaskStartScheduler
                0x0800627c       0x8c Middlewares\Third_Party\FreeRTOS\Source\tasks.o
                0x0800627c                vTaskStartScheduler
 .text.vTaskSuspendAll
                0x08006308       0x1c Middlewares\Third_Party\FreeRTOS\Source\tasks.o
                0x08006308                vTaskSuspendAll
 .text.xTaskResumeAll
                0x08006324      0x138 Middlewares\Third_Party\FreeRTOS\Source\tasks.o
                0x08006324                xTaskResumeAll
 .text.xTaskIncrementTick
                0x0800645c      0x178 Middlewares\Third_Party\FreeRTOS\Source\tasks.o
                0x0800645c                xTaskIncrementTick
 .text.vTaskSwitchContext
                0x080065d4       0xb4 Middlewares\Third_Party\FreeRTOS\Source\tasks.o
                0x080065d4                vTaskSwitchContext
 .text.prvIdleTask
                0x08006688       0x30 Middlewares\Third_Party\FreeRTOS\Source\tasks.o
 .text.prvInitialiseTaskLists
                0x080066b8       0x80 Middlewares\Third_Party\FreeRTOS\Source\tasks.o
 .text.prvCheckTasksWaitingTermination
                0x08006738       0x78 Middlewares\Third_Party\FreeRTOS\Source\tasks.o
 .text.prvDeleteTCB
                0x080067b0       0x20 Middlewares\Third_Party\FreeRTOS\Source\tasks.o
 .text.prvResetNextTaskUnblockTime
                0x080067d0       0x4c Middlewares\Third_Party\FreeRTOS\Source\tasks.o
 .text.xTaskGetSchedulerState
                0x0800681c       0x3c Middlewares\Third_Party\FreeRTOS\Source\tasks.o
                0x0800681c                xTaskGetSchedulerState
 .text.prvAddCurrentTaskToDelayedList
                0x08006858       0xcc Middlewares\Third_Party\FreeRTOS\Source\tasks.o
 .text.main     0x08006924       0x48 Src\main.o
                0x08006924                main
 .text.SystemClock_Config
                0x0800696c       0xf0 Src\main.o
                0x0800696c                SystemClock_Config
 .text.MX_SPI1_Init
                0x08006a5c        0xe Src\main.o
 *fill*         0x08006a6a        0x2 
 .text.MX_GPIO_Init
                0x08006a6c       0xc0 Src\main.o
 .text.nRF24_TransmitPacket
                0x08006b2c       0x98 Src\main.o
                0x08006b2c                nRF24_TransmitPacket
 .text.StartDefaultTask
                0x08006bc4       0xb8 Src\main.o
                0x08006bc4                StartDefaultTask
 .text.HAL_TIM_PeriodElapsedCallback
                0x08006c7c       0x24 Src\main.o
                0x08006c7c                HAL_TIM_PeriodElapsedCallback
 .text._Error_Handler
                0x08006ca0        0xc Src\main.o
                0x08006ca0                _Error_Handler
 .text.nRF24_ReadReg
                0x08006cac       0x44 Src\nrf24.o
 .text.nRF24_WriteReg
                0x08006cf0       0x80 Src\nrf24.o
 .text.nRF24_ReadMBReg
                0x08006d70       0x54 Src\nrf24.o
 .text.nRF24_WriteMBReg
                0x08006dc4       0x54 Src\nrf24.o
 .text.nRF24_Init
                0x08006e18       0xa4 Src\nrf24.o
                0x08006e18                nRF24_Init
 .text.nRF24_Check
                0x08006ebc       0x5c Src\nrf24.o
                0x08006ebc                nRF24_Check
 .text.nRF24_SetPowerMode
                0x08006f18       0x3e Src\nrf24.o
                0x08006f18                nRF24_SetPowerMode
 .text.nRF24_SetOperationalMode
                0x08006f56       0x42 Src\nrf24.o
                0x08006f56                nRF24_SetOperationalMode
 .text.nRF24_SetCRCScheme
                0x08006f98       0x42 Src\nrf24.o
                0x08006f98                nRF24_SetCRCScheme
 .text.nRF24_SetRFChannel
                0x08006fda       0x1c Src\nrf24.o
                0x08006fda                nRF24_SetRFChannel
 .text.nRF24_SetAddrWidth
                0x08006ff6       0x20 Src\nrf24.o
                0x08006ff6                nRF24_SetAddrWidth
 *fill*         0x08007016        0x2 
 .text.nRF24_SetAddr
                0x08007018       0xb0 Src\nrf24.o
                0x08007018                nRF24_SetAddr
 .text.nRF24_SetTXPower
                0x080070c8       0x36 Src\nrf24.o
                0x080070c8                nRF24_SetTXPower
 .text.nRF24_SetDataRate
                0x080070fe       0x36 Src\nrf24.o
                0x080070fe                nRF24_SetDataRate
 .text.nRF24_DisableAA
                0x08007134       0x4e Src\nrf24.o
                0x08007134                nRF24_DisableAA
 .text.nRF24_GetStatus
                0x08007182       0x10 Src\nrf24.o
                0x08007182                nRF24_GetStatus
 .text.nRF24_FlushTX
                0x08007192       0x10 Src\nrf24.o
                0x08007192                nRF24_FlushTX
 .text.nRF24_FlushRX
                0x080071a2       0x10 Src\nrf24.o
                0x080071a2                nRF24_FlushRX
 .text.nRF24_ClearIRQFlags
                0x080071b2       0x2a Src\nrf24.o
                0x080071b2                nRF24_ClearIRQFlags
 .text.nRF24_WritePayload
                0x080071dc       0x20 Src\nrf24.o
                0x080071dc                nRF24_WritePayload
 .text.nRF24_GPIO_Init
                0x080071fc       0x7c Src\nrf24_hal.o
                0x080071fc                nRF24_GPIO_Init
 .text.nRF24_LL_RW
                0x08007278       0x30 Src\nrf24_hal.o
                0x08007278                nRF24_LL_RW
 .text.HAL_MspInit
                0x080072a8       0xa4 Src\stm32f4xx_hal_msp.o
                0x080072a8                HAL_MspInit
 .text.HAL_SPI_MspInit
                0x0800734c       0x64 Src\stm32f4xx_hal_msp.o
                0x0800734c                HAL_SPI_MspInit
 .text.HAL_InitTick
                0x080073b0       0xb0 Src\stm32f4xx_hal_timebase_TIM.o
                0x080073b0                HAL_InitTick
 .text.NMI_Handler
                0x08007460        0xe Src\stm32f4xx_it.o
                0x08007460                NMI_Handler
 .text.HardFault_Handler
                0x0800746e        0x6 Src\stm32f4xx_it.o
                0x0800746e                HardFault_Handler
 .text.MemManage_Handler
                0x08007474        0x6 Src\stm32f4xx_it.o
                0x08007474                MemManage_Handler
 .text.BusFault_Handler
                0x0800747a        0x6 Src\stm32f4xx_it.o
                0x0800747a                BusFault_Handler
 .text.UsageFault_Handler
                0x08007480        0x6 Src\stm32f4xx_it.o
                0x08007480                UsageFault_Handler
 .text.DebugMon_Handler
                0x08007486        0xe Src\stm32f4xx_it.o
                0x08007486                DebugMon_Handler
 .text.SysTick_Handler
                0x08007494        0xc Src\stm32f4xx_it.o
                0x08007494                SysTick_Handler
 .text.TIM1_UP_TIM10_IRQHandler
                0x080074a0       0x14 Src\stm32f4xx_it.o
                0x080074a0                TIM1_UP_TIM10_IRQHandler
 .text.OTG_FS_IRQHandler
                0x080074b4       0x14 Src\stm32f4xx_it.o
                0x080074b4                OTG_FS_IRQHandler
 .text.SystemInit
                0x080074c8       0x6c Src\system_stm32f4xx.o
                0x080074c8                SystemInit
 .text.MX_USB_DEVICE_Init
                0x08007534       0x38 Src\usb_device.o
                0x08007534                MX_USB_DEVICE_Init
 .text.CDC_Init_FS
                0x0800756c       0x28 Src\usbd_cdc_if.o
 .text.CDC_DeInit_FS
                0x08007594       0x10 Src\usbd_cdc_if.o
 .text.CDC_Control_FS
                0x080075a4       0xbc Src\usbd_cdc_if.o
 .text.CDC_Receive_FS
                0x08007660       0x34 Src\usbd_cdc_if.o
 .text.CDC_Transmit_FS
                0x08007694       0x4c Src\usbd_cdc_if.o
                0x08007694                CDC_Transmit_FS
 .text.HAL_PCD_MspInit
                0x080076e0       0x7c Src\usbd_conf.o
                0x080076e0                HAL_PCD_MspInit
 .text.HAL_PCD_SetupStageCallback
                0x0800775c       0x24 Src\usbd_conf.o
                0x0800775c                HAL_PCD_SetupStageCallback
 .text.HAL_PCD_DataOutStageCallback
                0x08007780       0x36 Src\usbd_conf.o
                0x08007780                HAL_PCD_DataOutStageCallback
 .text.HAL_PCD_DataInStageCallback
                0x080077b6       0x34 Src\usbd_conf.o
                0x080077b6                HAL_PCD_DataInStageCallback
 .text.HAL_PCD_SOFCallback
                0x080077ea       0x1c Src\usbd_conf.o
                0x080077ea                HAL_PCD_SOFCallback
 .text.HAL_PCD_ResetCallback
                0x08007806       0x50 Src\usbd_conf.o
                0x08007806                HAL_PCD_ResetCallback
 *fill*         0x08007856        0x2 
 .text.HAL_PCD_SuspendCallback
                0x08007858       0x50 Src\usbd_conf.o
                0x08007858                HAL_PCD_SuspendCallback
 .text.HAL_PCD_ResumeCallback
                0x080078a8       0x1c Src\usbd_conf.o
                0x080078a8                HAL_PCD_ResumeCallback
 .text.HAL_PCD_ISOOUTIncompleteCallback
                0x080078c4       0x24 Src\usbd_conf.o
                0x080078c4                HAL_PCD_ISOOUTIncompleteCallback
 .text.HAL_PCD_ISOINIncompleteCallback
                0x080078e8       0x24 Src\usbd_conf.o
                0x080078e8                HAL_PCD_ISOINIncompleteCallback
 .text.HAL_PCD_ConnectCallback
                0x0800790c       0x1c Src\usbd_conf.o
                0x0800790c                HAL_PCD_ConnectCallback
 .text.HAL_PCD_DisconnectCallback
                0x08007928       0x1c Src\usbd_conf.o
                0x08007928                HAL_PCD_DisconnectCallback
 .text.USBD_LL_Init
                0x08007944       0xa8 Src\usbd_conf.o
                0x08007944                USBD_LL_Init
 .text.USBD_LL_Start
                0x080079ec       0x64 Src\usbd_conf.o
                0x080079ec                USBD_LL_Start
 .text.USBD_LL_OpenEP
                0x08007a50       0x7c Src\usbd_conf.o
                0x08007a50                USBD_LL_OpenEP
 .text.USBD_LL_CloseEP
                0x08007acc       0x6c Src\usbd_conf.o
                0x08007acc                USBD_LL_CloseEP
 .text.USBD_LL_StallEP
                0x08007b38       0x6c Src\usbd_conf.o
                0x08007b38                USBD_LL_StallEP
 .text.USBD_LL_ClearStallEP
                0x08007ba4       0x6c Src\usbd_conf.o
                0x08007ba4                USBD_LL_ClearStallEP
 .text.USBD_LL_IsStallEP
                0x08007c10       0x58 Src\usbd_conf.o
                0x08007c10                USBD_LL_IsStallEP
 .text.USBD_LL_SetUSBAddress
                0x08007c68       0x6c Src\usbd_conf.o
                0x08007c68                USBD_LL_SetUSBAddress
 .text.USBD_LL_Transmit
                0x08007cd4       0x74 Src\usbd_conf.o
                0x08007cd4                USBD_LL_Transmit
 .text.USBD_LL_PrepareReceive
                0x08007d48       0x74 Src\usbd_conf.o
                0x08007d48                USBD_LL_PrepareReceive
 .text.USBD_LL_GetRxDataSize
                0x08007dbc       0x26 Src\usbd_conf.o
                0x08007dbc                USBD_LL_GetRxDataSize
 *fill*         0x08007de2        0x2 
 .text.USBD_FS_DeviceDescriptor
                0x08007de4       0x24 Src\usbd_desc.o
                0x08007de4                USBD_FS_DeviceDescriptor
 .text.USBD_FS_LangIDStrDescriptor
                0x08007e08       0x24 Src\usbd_desc.o
                0x08007e08                USBD_FS_LangIDStrDescriptor
 .text.USBD_FS_ProductStrDescriptor
                0x08007e2c       0x3c Src\usbd_desc.o
                0x08007e2c                USBD_FS_ProductStrDescriptor
 .text.USBD_FS_ManufacturerStrDescriptor
                0x08007e68       0x28 Src\usbd_desc.o
                0x08007e68                USBD_FS_ManufacturerStrDescriptor
 .text.USBD_FS_SerialStrDescriptor
                0x08007e90       0x3c Src\usbd_desc.o
                0x08007e90                USBD_FS_SerialStrDescriptor
 .text.USBD_FS_ConfigStrDescriptor
                0x08007ecc       0x3c Src\usbd_desc.o
                0x08007ecc                USBD_FS_ConfigStrDescriptor
 .text.USBD_FS_InterfaceStrDescriptor
                0x08007f08       0x3c Src\usbd_desc.o
                0x08007f08                USBD_FS_InterfaceStrDescriptor
 .text.Reset_Handler
                0x08007f44       0x50 startup\startup_stm32f411xe.o
                0x08007f44                Reset_Handler
 .text.Default_Handler
                0x08007f94        0x2 startup\startup_stm32f411xe.o
                0x08007f94                RTC_Alarm_IRQHandler
                0x08007f94                EXTI2_IRQHandler
                0x08007f94                SPI4_IRQHandler
                0x08007f94                TIM1_CC_IRQHandler
                0x08007f94                DMA2_Stream5_IRQHandler
                0x08007f94                DMA1_Stream5_IRQHandler
                0x08007f94                PVD_IRQHandler
                0x08007f94                SDIO_IRQHandler
                0x08007f94                TAMP_STAMP_IRQHandler
                0x08007f94                EXTI3_IRQHandler
                0x08007f94                I2C3_ER_IRQHandler
                0x08007f94                EXTI0_IRQHandler
                0x08007f94                I2C2_EV_IRQHandler
                0x08007f94                DMA1_Stream2_IRQHandler
                0x08007f94                FPU_IRQHandler
                0x08007f94                DMA2_Stream2_IRQHandler
                0x08007f94                SPI1_IRQHandler
                0x08007f94                TIM1_BRK_TIM9_IRQHandler
                0x08007f94                DMA2_Stream3_IRQHandler
                0x08007f94                USART6_IRQHandler
                0x08007f94                DMA2_Stream0_IRQHandler
                0x08007f94                TIM4_IRQHandler
                0x08007f94                I2C1_EV_IRQHandler
                0x08007f94                DMA1_Stream6_IRQHandler
                0x08007f94                DMA1_Stream1_IRQHandler
                0x08007f94                TIM3_IRQHandler
                0x08007f94                RCC_IRQHandler
                0x08007f94                Default_Handler
                0x08007f94                EXTI15_10_IRQHandler
                0x08007f94                ADC_IRQHandler
                0x08007f94                DMA1_Stream7_IRQHandler
                0x08007f94                SPI5_IRQHandler
                0x08007f94                TIM5_IRQHandler
                0x08007f94                DMA2_Stream7_IRQHandler
                0x08007f94                I2C3_EV_IRQHandler
                0x08007f94                EXTI9_5_IRQHandler
                0x08007f94                RTC_WKUP_IRQHandler
                0x08007f94                SPI2_IRQHandler
                0x08007f94                DMA1_Stream0_IRQHandler
                0x08007f94                EXTI4_IRQHandler
                0x08007f94                WWDG_IRQHandler
                0x08007f94                TIM2_IRQHandler
                0x08007f94                OTG_FS_WKUP_IRQHandler
                0x08007f94                TIM1_TRG_COM_TIM11_IRQHandler
                0x08007f94                EXTI1_IRQHandler
                0x08007f94                USART2_IRQHandler
                0x08007f94                I2C2_ER_IRQHandler
                0x08007f94                DMA2_Stream1_IRQHandler
                0x08007f94                FLASH_IRQHandler
                0x08007f94                DMA2_Stream4_IRQHandler
                0x08007f94                USART1_IRQHandler
                0x08007f94                SPI3_IRQHandler
                0x08007f94                DMA1_Stream4_IRQHandler
                0x08007f94                I2C1_ER_IRQHandler
                0x08007f94                DMA2_Stream6_IRQHandler
                0x08007f94                DMA1_Stream3_IRQHandler
 *fill*         0x08007f96        0x2 
 .text.__libc_init_array
                0x08007f98       0x48 c:/program files (x86)/atollic/truestudio for stm32 9.0.0/armtools/bin/../lib/gcc/arm-atollic-eabi/6.3.1/../../../../arm-atollic-eabi/lib/armv7e-m/fpu\libc_nano.a(lib_a-init.o)
                0x08007f98                __libc_init_array
 .text.malloc   0x08007fe0       0x10 c:/program files (x86)/atollic/truestudio for stm32 9.0.0/armtools/bin/../lib/gcc/arm-atollic-eabi/6.3.1/../../../../arm-atollic-eabi/lib/armv7e-m/fpu\libc_nano.a(lib_a-malloc.o)
                0x08007fe0                malloc
 .text.free     0x08007ff0       0x10 c:/program files (x86)/atollic/truestudio for stm32 9.0.0/armtools/bin/../lib/gcc/arm-atollic-eabi/6.3.1/../../../../arm-atollic-eabi/lib/armv7e-m/fpu\libc_nano.a(lib_a-malloc.o)
                0x08007ff0                free
 .text._free_r  0x08008000       0x9c c:/program files (x86)/atollic/truestudio for stm32 9.0.0/armtools/bin/../lib/gcc/arm-atollic-eabi/6.3.1/../../../../arm-atollic-eabi/lib/armv7e-m/fpu\libc_nano.a(lib_a-nano-freer.o)
                0x08008000                _free_r
 .text._malloc_r
                0x0800809c       0xbc c:/program files (x86)/atollic/truestudio for stm32 9.0.0/armtools/bin/../lib/gcc/arm-atollic-eabi/6.3.1/../../../../arm-atollic-eabi/lib/armv7e-m/fpu\libc_nano.a(lib_a-nano-mallocr.o)
                0x0800809c                _malloc_r
 .text._sbrk_r  0x08008158       0x20 c:/program files (x86)/atollic/truestudio for stm32 9.0.0/armtools/bin/../lib/gcc/arm-atollic-eabi/6.3.1/../../../../arm-atollic-eabi/lib/armv7e-m/fpu\libc_nano.a(lib_a-sbrkr.o)
                0x08008158                _sbrk_r
 .text.__malloc_lock
                0x08008178        0x2 c:/program files (x86)/atollic/truestudio for stm32 9.0.0/armtools/bin/../lib/gcc/arm-atollic-eabi/6.3.1/../../../../arm-atollic-eabi/lib/armv7e-m/fpu\libc_nano.a(lib_a-mlock.o)
                0x08008178                __malloc_lock
 .text.__malloc_unlock
                0x0800817a        0x2 c:/program files (x86)/atollic/truestudio for stm32 9.0.0/armtools/bin/../lib/gcc/arm-atollic-eabi/6.3.1/../../../../arm-atollic-eabi/lib/armv7e-m/fpu\libc_nano.a(lib_a-mlock.o)
                0x0800817a                __malloc_unlock
 .text._sbrk    0x0800817c       0x1c c:/program files (x86)/atollic/truestudio for stm32 9.0.0/armtools/bin/../lib/gcc/arm-atollic-eabi/6.3.1/../../../../arm-atollic-eabi/lib/armv7e-m/fpu\libnosys.a(sbrk.o)
                0x0800817c                _sbrk
 *(.glue_7)
 .glue_7        0x08008198        0x0 linker stubs
 *(.glue_7t)
 .glue_7t       0x08008198        0x0 linker stubs
 *(.eh_frame)
 .eh_frame      0x08008198        0x0 c:/program files (x86)/atollic/truestudio for stm32 9.0.0/armtools/bin/../lib/gcc/arm-atollic-eabi/6.3.1/armv7e-m/fpu/crtbegin.o
 *(.init)
 .init          0x08008198        0x4 c:/program files (x86)/atollic/truestudio for stm32 9.0.0/armtools/bin/../lib/gcc/arm-atollic-eabi/6.3.1/armv7e-m/fpu/crti.o
                0x08008198                _init
 .init          0x0800819c        0x8 c:/program files (x86)/atollic/truestudio for stm32 9.0.0/armtools/bin/../lib/gcc/arm-atollic-eabi/6.3.1/armv7e-m/fpu/crtn.o
 *(.fini)
 .fini          0x080081a4        0x4 c:/program files (x86)/atollic/truestudio for stm32 9.0.0/armtools/bin/../lib/gcc/arm-atollic-eabi/6.3.1/armv7e-m/fpu/crti.o
                0x080081a4                _fini
 .fini          0x080081a8        0x8 c:/program files (x86)/atollic/truestudio for stm32 9.0.0/armtools/bin/../lib/gcc/arm-atollic-eabi/6.3.1/armv7e-m/fpu/crtn.o
                0x080081b0                . = ALIGN (0x4)
                0x080081b0                _etext = .

.vfp11_veneer   0x080081b0        0x0
 .vfp11_veneer  0x080081b0        0x0 linker stubs

.v4_bx          0x080081b0        0x0
 .v4_bx         0x080081b0        0x0 linker stubs

.iplt           0x080081b0        0x0
 .iplt          0x080081b0        0x0 c:/program files (x86)/atollic/truestudio for stm32 9.0.0/armtools/bin/../lib/gcc/arm-atollic-eabi/6.3.1/armv7e-m/fpu/crtbegin.o

.rodata         0x080081b0       0xd0
                0x080081b0                . = ALIGN (0x4)
 *(.rodata)
 .rodata        0x080081b0        0x5 Middlewares\Third_Party\FreeRTOS\Source\tasks.o
 *fill*         0x080081b5        0x3 
 .rodata        0x080081b8       0x2e Src\main.o
 *fill*         0x080081e6        0x2 
 .rodata        0x080081e8        0x6 Src\nrf24.o
 *fill*         0x080081ee        0x2 
 .rodata        0x080081f0       0x13 Src\usbd_conf.o
 *fill*         0x08008203        0x1 
 .rodata        0x08008204       0x56 Src\usbd_desc.o
 *(.rodata*)
 *fill*         0x0800825a        0x2 
 .rodata.nRF24_ADDR.10477
                0x0800825c        0x3 Src\main.o
 *fill*         0x0800825f        0x1 
 .rodata.nRF24_ADDR_REGS
                0x08008260        0x7 Src\nrf24.o
 *fill*         0x08008267        0x1 
 .rodata.AHBPrescTable
                0x08008268       0x10 Src\system_stm32f4xx.o
                0x08008268                AHBPrescTable
 .rodata.APBPrescTable
                0x08008278        0x8 Src\system_stm32f4xx.o
                0x08008278                APBPrescTable
                0x08008280                . = ALIGN (0x4)

.ARM.extab
 *(.ARM.extab* .gnu.linkonce.armextab.*)

.ARM            0x08008280        0x8
                0x08008280                __exidx_start = .
 *(.ARM.exidx*)
 .ARM.exidx     0x08008280        0x8 c:/program files (x86)/atollic/truestudio for stm32 9.0.0/armtools/bin/../lib/gcc/arm-atollic-eabi/6.3.1/armv7e-m/fpu\libgcc.a(_udivmoddi4.o)
                0x08008288                __exidx_end = .

.rel.dyn        0x08008288        0x0
 .rel.iplt      0x08008288        0x0 c:/program files (x86)/atollic/truestudio for stm32 9.0.0/armtools/bin/../lib/gcc/arm-atollic-eabi/6.3.1/armv7e-m/fpu/crtbegin.o

.preinit_array  0x08008288        0x0
                0x08008288                PROVIDE (__preinit_array_start, .)
 *(.preinit_array*)
                0x08008288                PROVIDE (__preinit_array_end, .)

.init_array     0x08008288        0x4
                0x08008288                PROVIDE (__init_array_start, .)
 *(SORT(.init_array.*))
 *(.init_array*)
 .init_array    0x08008288        0x4 c:/program files (x86)/atollic/truestudio for stm32 9.0.0/armtools/bin/../lib/gcc/arm-atollic-eabi/6.3.1/armv7e-m/fpu/crtbegin.o
                0x0800828c                PROVIDE (__init_array_end, .)

.fini_array     0x0800828c        0x4
                [!provide]                PROVIDE (__fini_array_start, .)
 *(SORT(.fini_array.*))
 *(.fini_array*)
 .fini_array    0x0800828c        0x4 c:/program files (x86)/atollic/truestudio for stm32 9.0.0/armtools/bin/../lib/gcc/arm-atollic-eabi/6.3.1/armv7e-m/fpu/crtbegin.o
                [!provide]                PROVIDE (__fini_array_end, .)
                0x08008290                _sidata = LOADADDR (.data)

.data           0x20000000      0x1c4 load address 0x08008290
                0x20000000                . = ALIGN (0x4)
                0x20000000                _sdata = .
 *(.data)
 *(.data*)
 .data.uwTickFreq
                0x20000000        0x1 Drivers\STM32F4xx_HAL_Driver\Src\stm32f4xx_hal.o
                0x20000000                uwTickFreq
 *fill*         0x20000001        0x3 
 .data.USBD_CDC_DeviceQualifierDesc
                0x20000004        0xa Middlewares\ST\STM32_USB_Device_Library\Class\CDC\Src\usbd_cdc.o
 *fill*         0x2000000e        0x2 
 .data.USBD_CDC
                0x20000010       0x38 Middlewares\ST\STM32_USB_Device_Library\Class\CDC\Src\usbd_cdc.o
                0x20000010                USBD_CDC
 .data.USBD_CDC_CfgHSDesc
                0x20000048       0x43 Middlewares\ST\STM32_USB_Device_Library\Class\CDC\Src\usbd_cdc.o
                0x20000048                USBD_CDC_CfgHSDesc
 *fill*         0x2000008b        0x1 
 .data.USBD_CDC_CfgFSDesc
                0x2000008c       0x43 Middlewares\ST\STM32_USB_Device_Library\Class\CDC\Src\usbd_cdc.o
                0x2000008c                USBD_CDC_CfgFSDesc
 *fill*         0x200000cf        0x1 
 .data.USBD_CDC_OtherSpeedCfgDesc
                0x200000d0       0x43 Middlewares\ST\STM32_USB_Device_Library\Class\CDC\Src\usbd_cdc.o
                0x200000d0                USBD_CDC_OtherSpeedCfgDesc
 *fill*         0x20000113        0x1 
 .data.uxCriticalNesting
                0x20000114        0x4 Middlewares\Third_Party\FreeRTOS\Source\portable\GCC\ARM_CM4F\port.o
 .data.SystemCoreClock
                0x20000118        0x4 Src\system_stm32f4xx.o
                0x20000118                SystemCoreClock
 .data.USBD_Interface_fops_FS
                0x2000011c       0x10 Src\usbd_cdc_if.o
                0x2000011c                USBD_Interface_fops_FS
 .data.FS_Desc  0x2000012c       0x1c Src\usbd_desc.o
                0x2000012c                FS_Desc
 .data.USBD_FS_DeviceDesc
                0x20000148       0x12 Src\usbd_desc.o
                0x20000148                USBD_FS_DeviceDesc
 *fill*         0x2000015a        0x2 
 .data.USBD_LangIDDesc
                0x2000015c        0x4 Src\usbd_desc.o
                0x2000015c                USBD_LangIDDesc
 .data._impure_ptr
                0x20000160        0x4 c:/program files (x86)/atollic/truestudio for stm32 9.0.0/armtools/bin/../lib/gcc/arm-atollic-eabi/6.3.1/../../../../arm-atollic-eabi/lib/armv7e-m/fpu\libc_nano.a(lib_a-impure.o)
                0x20000160                _impure_ptr
 .data.impure_data
                0x20000164       0x60 c:/program files (x86)/atollic/truestudio for stm32 9.0.0/armtools/bin/../lib/gcc/arm-atollic-eabi/6.3.1/../../../../arm-atollic-eabi/lib/armv7e-m/fpu\libc_nano.a(lib_a-impure.o)
                0x200001c4                . = ALIGN (0x4)
                0x200001c4                _edata = .

.igot.plt       0x200001c4        0x0 load address 0x08008454
 .igot.plt      0x200001c4        0x0 c:/program files (x86)/atollic/truestudio for stm32 9.0.0/armtools/bin/../lib/gcc/arm-atollic-eabi/6.3.1/armv7e-m/fpu/crtbegin.o
                0x200001c4                . = ALIGN (0x4)

.bss            0x200001c4     0x5650 load address 0x08008454
                0x200001c4                _sbss = .
                0x200001c4                __bss_start__ = _sbss
 *(.bss)
 .bss           0x200001c4       0x1c c:/program files (x86)/atollic/truestudio for stm32 9.0.0/armtools/bin/../lib/gcc/arm-atollic-eabi/6.3.1/armv7e-m/fpu/crtbegin.o
 *(.bss*)
 .bss.ifalt.9783
                0x200001e0        0x1 Middlewares\ST\STM32_USB_Device_Library\Class\CDC\Src\usbd_cdc.o
 .bss.cfgidx.9788
                0x200001e1        0x1 Middlewares\ST\STM32_USB_Device_Library\Core\Src\usbd_ctlreq.o
 .bss.ucMaxSysCallPriority
                0x200001e2        0x1 Middlewares\Third_Party\FreeRTOS\Source\portable\GCC\ARM_CM4F\port.o
 *fill*         0x200001e3        0x1 
 .bss.ulMaxPRIGROUPValue
                0x200001e4        0x4 Middlewares\Third_Party\FreeRTOS\Source\portable\GCC\ARM_CM4F\port.o
 .bss.ucHeap    0x200001e8     0x3c00 Middlewares\Third_Party\FreeRTOS\Source\portable\MemMang\heap_4.o
 .bss.xStart    0x20003de8        0x8 Middlewares\Third_Party\FreeRTOS\Source\portable\MemMang\heap_4.o
 .bss.pxEnd     0x20003df0        0x4 Middlewares\Third_Party\FreeRTOS\Source\portable\MemMang\heap_4.o
 .bss.xFreeBytesRemaining
                0x20003df4        0x4 Middlewares\Third_Party\FreeRTOS\Source\portable\MemMang\heap_4.o
 .bss.xMinimumEverFreeBytesRemaining
                0x20003df8        0x4 Middlewares\Third_Party\FreeRTOS\Source\portable\MemMang\heap_4.o
 .bss.xBlockAllocatedBit
                0x20003dfc        0x4 Middlewares\Third_Party\FreeRTOS\Source\portable\MemMang\heap_4.o
 .bss.pxCurrentTCB
                0x20003e00        0x4 Middlewares\Third_Party\FreeRTOS\Source\tasks.o
                0x20003e00                pxCurrentTCB
 .bss.pxReadyTasksLists
                0x20003e04       0x8c Middlewares\Third_Party\FreeRTOS\Source\tasks.o
 .bss.xDelayedTaskList1
                0x20003e90       0x14 Middlewares\Third_Party\FreeRTOS\Source\tasks.o
 .bss.xDelayedTaskList2
                0x20003ea4       0x14 Middlewares\Third_Party\FreeRTOS\Source\tasks.o
 .bss.pxDelayedTaskList
                0x20003eb8        0x4 Middlewares\Third_Party\FreeRTOS\Source\tasks.o
 .bss.pxOverflowDelayedTaskList
                0x20003ebc        0x4 Middlewares\Third_Party\FreeRTOS\Source\tasks.o
 .bss.xPendingReadyList
                0x20003ec0       0x14 Middlewares\Third_Party\FreeRTOS\Source\tasks.o
 .bss.xTasksWaitingTermination
                0x20003ed4       0x14 Middlewares\Third_Party\FreeRTOS\Source\tasks.o
 .bss.uxDeletedTasksWaitingCleanUp
                0x20003ee8        0x4 Middlewares\Third_Party\FreeRTOS\Source\tasks.o
 .bss.xSuspendedTaskList
                0x20003eec       0x14 Middlewares\Third_Party\FreeRTOS\Source\tasks.o
 .bss.uxCurrentNumberOfTasks
                0x20003f00        0x4 Middlewares\Third_Party\FreeRTOS\Source\tasks.o
 .bss.xTickCount
                0x20003f04        0x4 Middlewares\Third_Party\FreeRTOS\Source\tasks.o
 .bss.uxTopReadyPriority
                0x20003f08        0x4 Middlewares\Third_Party\FreeRTOS\Source\tasks.o
 .bss.xSchedulerRunning
                0x20003f0c        0x4 Middlewares\Third_Party\FreeRTOS\Source\tasks.o
 .bss.uxPendedTicks
                0x20003f10        0x4 Middlewares\Third_Party\FreeRTOS\Source\tasks.o
 .bss.xYieldPending
                0x20003f14        0x4 Middlewares\Third_Party\FreeRTOS\Source\tasks.o
 .bss.xNumOfOverflows
                0x20003f18        0x4 Middlewares\Third_Party\FreeRTOS\Source\tasks.o
 .bss.uxTaskNumber
                0x20003f1c        0x4 Middlewares\Third_Party\FreeRTOS\Source\tasks.o
 .bss.xNextTaskUnblockTime
                0x20003f20        0x4 Middlewares\Third_Party\FreeRTOS\Source\tasks.o
 .bss.xIdleTaskHandle
                0x20003f24        0x4 Middlewares\Third_Party\FreeRTOS\Source\tasks.o
 .bss.uxSchedulerSuspended
                0x20003f28        0x4 Middlewares\Third_Party\FreeRTOS\Source\tasks.o
 .bss.__malloc_free_list
                0x20003f2c        0x4 c:/program files (x86)/atollic/truestudio for stm32 9.0.0/armtools/bin/../lib/gcc/arm-atollic-eabi/6.3.1/../../../../arm-atollic-eabi/lib/armv7e-m/fpu\libc_nano.a(lib_a-nano-mallocr.o)
                0x20003f2c                __malloc_free_list
 .bss.__malloc_sbrk_start
                0x20003f30        0x4 c:/program files (x86)/atollic/truestudio for stm32 9.0.0/armtools/bin/../lib/gcc/arm-atollic-eabi/6.3.1/../../../../arm-atollic-eabi/lib/armv7e-m/fpu\libc_nano.a(lib_a-nano-mallocr.o)
                0x20003f30                __malloc_sbrk_start
 .bss.heap_end.5239
                0x20003f34        0x4 c:/program files (x86)/atollic/truestudio for stm32 9.0.0/armtools/bin/../lib/gcc/arm-atollic-eabi/6.3.1/../../../../arm-atollic-eabi/lib/armv7e-m/fpu\libnosys.a(sbrk.o)
 *(COMMON)
 COMMON         0x20003f38        0x4 Drivers\STM32F4xx_HAL_Driver\Src\stm32f4xx_hal.o
                0x20003f38                uwTick
 COMMON         0x20003f3c       0x84 Src\main.o
                0x20003f3c                payload_length
                0x20003f40                defaultTaskHandle
                0x20003f44                pipe
                0x20003f48                hspi1
                0x20003fa0                nRF24_payload
 COMMON         0x20003fc0       0x3c Src\stm32f4xx_hal_timebase_TIM.o
                0x20003fc0                htim10
 COMMON         0x20003ffc      0x224 Src\usb_device.o
                0x20003ffc                hUsbDeviceFS
 COMMON         0x20004220     0x1000 Src\usbd_cdc_if.o
                0x20004220                UserRxBufferFS
                0x20004a20                UserTxBufferFS
 COMMON         0x20005220      0x3f0 Src\usbd_conf.o
                0x20005220                hpcd_USB_OTG_FS
 COMMON         0x20005610      0x200 Src\usbd_desc.o
                0x20005610                USBD_StrDesc
 COMMON         0x20005810        0x4 c:/program files (x86)/atollic/truestudio for stm32 9.0.0/armtools/bin/../lib/gcc/arm-atollic-eabi/6.3.1/../../../../arm-atollic-eabi/lib/armv7e-m/fpu\libc_nano.a(lib_a-reent.o)
                0x20005810                errno
                0x20005814                . = ALIGN (0x4)
                0x20005814                _ebss = .
                0x20005814                __bss_end__ = _ebss

._user_heap_stack
                0x20005814      0x600 load address 0x08008454
                0x20005814                . = ALIGN (0x4)
                0x20005814                PROVIDE (end, .)
                [!provide]                PROVIDE (_end, .)
                0x20005a14                . = (. + _Min_Heap_Size)
 *fill*         0x20005814      0x200 
                0x20005e14                . = (. + _Min_Stack_Size)
 *fill*         0x20005a14      0x400 
                0x20005e14                . = ALIGN (0x4)

/DISCARD/
 libc.a(*)
 libm.a(*)
 libgcc.a(*)

.ARM.attributes
                0x00000000       0x30
 *(.ARM.attributes)
 .ARM.attributes
                0x00000000       0x22 c:/program files (x86)/atollic/truestudio for stm32 9.0.0/armtools/bin/../lib/gcc/arm-atollic-eabi/6.3.1/armv7e-m/fpu/crti.o
 .ARM.attributes
                0x00000022       0x34 c:/program files (x86)/atollic/truestudio for stm32 9.0.0/armtools/bin/../lib/gcc/arm-atollic-eabi/6.3.1/armv7e-m/fpu/crtbegin.o
 .ARM.attributes
                0x00000056       0x39 Drivers\STM32F4xx_HAL_Driver\Src\stm32f4xx_hal.o
 .ARM.attributes
                0x0000008f       0x39 Drivers\STM32F4xx_HAL_Driver\Src\stm32f4xx_hal_cortex.o
 .ARM.attributes
                0x000000c8       0x39 Drivers\STM32F4xx_HAL_Driver\Src\stm32f4xx_hal_gpio.o
 .ARM.attributes
                0x00000101       0x39 Drivers\STM32F4xx_HAL_Driver\Src\stm32f4xx_hal_pcd.o
 .ARM.attributes
                0x0000013a       0x39 Drivers\STM32F4xx_HAL_Driver\Src\stm32f4xx_hal_pcd_ex.o
 .ARM.attributes
                0x00000173       0x39 Drivers\STM32F4xx_HAL_Driver\Src\stm32f4xx_hal_rcc.o
 .ARM.attributes
                0x000001ac       0x39 Drivers\STM32F4xx_HAL_Driver\Src\stm32f4xx_hal_spi.o
 .ARM.attributes
                0x000001e5       0x39 Drivers\STM32F4xx_HAL_Driver\Src\stm32f4xx_hal_tim.o
 .ARM.attributes
                0x0000021e       0x39 Drivers\STM32F4xx_HAL_Driver\Src\stm32f4xx_hal_tim_ex.o
 .ARM.attributes
                0x00000257       0x39 Drivers\STM32F4xx_HAL_Driver\Src\stm32f4xx_ll_usb.o
 .ARM.attributes
                0x00000290       0x39 Middlewares\ST\STM32_USB_Device_Library\Class\CDC\Src\usbd_cdc.o
 .ARM.attributes
                0x000002c9       0x39 Middlewares\ST\STM32_USB_Device_Library\Core\Src\usbd_core.o
 .ARM.attributes
                0x00000302       0x39 Middlewares\ST\STM32_USB_Device_Library\Core\Src\usbd_ctlreq.o
 .ARM.attributes
                0x0000033b       0x39 Middlewares\ST\STM32_USB_Device_Library\Core\Src\usbd_ioreq.o
 .ARM.attributes
                0x00000374       0x39 Middlewares\Third_Party\FreeRTOS\Source\CMSIS_RTOS\cmsis_os.o
 .ARM.attributes
                0x000003ad       0x39 Middlewares\Third_Party\FreeRTOS\Source\list.o
 .ARM.attributes
                0x000003e6       0x39 Middlewares\Third_Party\FreeRTOS\Source\portable\GCC\ARM_CM4F\port.o
 .ARM.attributes
                0x0000041f       0x39 Middlewares\Third_Party\FreeRTOS\Source\portable\MemMang\heap_4.o
 .ARM.attributes
                0x00000458       0x39 Middlewares\Third_Party\FreeRTOS\Source\tasks.o
 .ARM.attributes
                0x00000491       0x39 Src\main.o
 .ARM.attributes
                0x000004ca       0x39 Src\nrf24.o
 .ARM.attributes
                0x00000503       0x39 Src\nrf24_hal.o
 .ARM.attributes
                0x0000053c       0x39 Src\stm32f4xx_hal_msp.o
 .ARM.attributes
                0x00000575       0x39 Src\stm32f4xx_hal_timebase_TIM.o
 .ARM.attributes
                0x000005ae       0x39 Src\stm32f4xx_it.o
 .ARM.attributes
                0x000005e7       0x39 Src\system_stm32f4xx.o
 .ARM.attributes
                0x00000620       0x39 Src\usb_device.o
 .ARM.attributes
                0x00000659       0x39 Src\usbd_cdc_if.o
 .ARM.attributes
                0x00000692       0x39 Src\usbd_conf.o
 .ARM.attributes
                0x000006cb       0x39 Src\usbd_desc.o
 .ARM.attributes
                0x00000704       0x21 startup\startup_stm32f411xe.o
 .ARM.attributes
                0x00000725       0x34 c:/program files (x86)/atollic/truestudio for stm32 9.0.0/armtools/bin/../lib/gcc/arm-atollic-eabi/6.3.1/../../../../arm-atollic-eabi/lib/armv7e-m/fpu\libc_nano.a(lib_a-init.o)
 .ARM.attributes
                0x00000759       0x34 c:/program files (x86)/atollic/truestudio for stm32 9.0.0/armtools/bin/../lib/gcc/arm-atollic-eabi/6.3.1/../../../../arm-atollic-eabi/lib/armv7e-m/fpu\libc_nano.a(lib_a-malloc.o)
 .ARM.attributes
                0x0000078d       0x34 c:/program files (x86)/atollic/truestudio for stm32 9.0.0/armtools/bin/../lib/gcc/arm-atollic-eabi/6.3.1/../../../../arm-atollic-eabi/lib/armv7e-m/fpu\libc_nano.a(lib_a-nano-freer.o)
 .ARM.attributes
                0x000007c1       0x34 c:/program files (x86)/atollic/truestudio for stm32 9.0.0/armtools/bin/../lib/gcc/arm-atollic-eabi/6.3.1/../../../../arm-atollic-eabi/lib/armv7e-m/fpu\libc_nano.a(lib_a-nano-mallocr.o)
 .ARM.attributes
                0x000007f5       0x34 c:/program files (x86)/atollic/truestudio for stm32 9.0.0/armtools/bin/../lib/gcc/arm-atollic-eabi/6.3.1/../../../../arm-atollic-eabi/lib/armv7e-m/fpu\libc_nano.a(lib_a-sbrkr.o)
 .ARM.attributes
                0x00000829       0x34 c:/program files (x86)/atollic/truestudio for stm32 9.0.0/armtools/bin/../lib/gcc/arm-atollic-eabi/6.3.1/../../../../arm-atollic-eabi/lib/armv7e-m/fpu\libc_nano.a(lib_a-impure.o)
 .ARM.attributes
                0x0000085d       0x34 c:/program files (x86)/atollic/truestudio for stm32 9.0.0/armtools/bin/../lib/gcc/arm-atollic-eabi/6.3.1/../../../../arm-atollic-eabi/lib/armv7e-m/fpu\libc_nano.a(lib_a-mlock.o)
 .ARM.attributes
                0x00000891       0x34 c:/program files (x86)/atollic/truestudio for stm32 9.0.0/armtools/bin/../lib/gcc/arm-atollic-eabi/6.3.1/../../../../arm-atollic-eabi/lib/armv7e-m/fpu\libc_nano.a(lib_a-reent.o)
 .ARM.attributes
                0x000008c5       0x22 c:/program files (x86)/atollic/truestudio for stm32 9.0.0/armtools/bin/../lib/gcc/arm-atollic-eabi/6.3.1/armv7e-m/fpu\libgcc.a(_aeabi_uldivmod.o)
 .ARM.attributes
                0x000008e7       0x34 c:/program files (x86)/atollic/truestudio for stm32 9.0.0/armtools/bin/../lib/gcc/arm-atollic-eabi/6.3.1/armv7e-m/fpu\libgcc.a(_udivmoddi4.o)
 .ARM.attributes
                0x0000091b       0x22 c:/program files (x86)/atollic/truestudio for stm32 9.0.0/armtools/bin/../lib/gcc/arm-atollic-eabi/6.3.1/armv7e-m/fpu\libgcc.a(_dvmd_tls.o)
 .ARM.attributes
                0x0000093d       0x34 c:/program files (x86)/atollic/truestudio for stm32 9.0.0/armtools/bin/../lib/gcc/arm-atollic-eabi/6.3.1/../../../../arm-atollic-eabi/lib/armv7e-m/fpu\libnosys.a(sbrk.o)
 .ARM.attributes
                0x00000971       0x22 c:/program files (x86)/atollic/truestudio for stm32 9.0.0/armtools/bin/../lib/gcc/arm-atollic-eabi/6.3.1/armv7e-m/fpu/crtn.o
OUTPUT(NRF24Tx.elf elf32-littlearm)

.debug_info     0x00000000    0x24dbc
 .debug_info    0x00000000     0x10b2 Drivers\STM32F4xx_HAL_Driver\Src\stm32f4xx_hal.o
 .debug_info    0x000010b2     0x1552 Drivers\STM32F4xx_HAL_Driver\Src\stm32f4xx_hal_cortex.o
 .debug_info    0x00002604      0xf9e Drivers\STM32F4xx_HAL_Driver\Src\stm32f4xx_hal_gpio.o
 .debug_info    0x000035a2     0x1725 Drivers\STM32F4xx_HAL_Driver\Src\stm32f4xx_hal_pcd.o
 .debug_info    0x00004cc7      0xdc2 Drivers\STM32F4xx_HAL_Driver\Src\stm32f4xx_hal_pcd_ex.o
 .debug_info    0x00005a89     0x10e0 Drivers\STM32F4xx_HAL_Driver\Src\stm32f4xx_hal_rcc.o
 .debug_info    0x00006b69     0x1cf1 Drivers\STM32F4xx_HAL_Driver\Src\stm32f4xx_hal_spi.o
 .debug_info    0x0000885a     0x29f0 Drivers\STM32F4xx_HAL_Driver\Src\stm32f4xx_hal_tim.o
 .debug_info    0x0000b24a     0x17ca Drivers\STM32F4xx_HAL_Driver\Src\stm32f4xx_hal_tim_ex.o
 .debug_info    0x0000ca14     0x1c82 Drivers\STM32F4xx_HAL_Driver\Src\stm32f4xx_ll_usb.o
 .debug_info    0x0000e696     0x12c8 Middlewares\ST\STM32_USB_Device_Library\Class\CDC\Src\usbd_cdc.o
 .debug_info    0x0000f95e     0x116a Middlewares\ST\STM32_USB_Device_Library\Core\Src\usbd_core.o
 .debug_info    0x00010ac8     0x10cb Middlewares\ST\STM32_USB_Device_Library\Core\Src\usbd_ctlreq.o
 .debug_info    0x00011b93      0xecb Middlewares\ST\STM32_USB_Device_Library\Core\Src\usbd_ioreq.o
 .debug_info    0x00012a5e     0x1af1 Middlewares\Third_Party\FreeRTOS\Source\CMSIS_RTOS\cmsis_os.o
 .debug_info    0x0001454f      0xac3 Middlewares\Third_Party\FreeRTOS\Source\list.o
 .debug_info    0x00015012      0x50b Middlewares\Third_Party\FreeRTOS\Source\portable\GCC\ARM_CM4F\port.o
 .debug_info    0x0001551d      0xbed Middlewares\Third_Party\FreeRTOS\Source\portable\MemMang\heap_4.o
 .debug_info    0x0001610a     0x20b5 Middlewares\Third_Party\FreeRTOS\Source\tasks.o
 .debug_info    0x000181bf     0x1ee1 Src\main.o
 .debug_info    0x0001a0a0     0x1067 Src\nrf24.o
 .debug_info    0x0001b107      0xf3c Src\nrf24_hal.o
 .debug_info    0x0001c043     0x12ff Src\stm32f4xx_hal_msp.o
 .debug_info    0x0001d342     0x127f Src\stm32f4xx_hal_timebase_TIM.o
 .debug_info    0x0001e5c1     0x1232 Src\stm32f4xx_it.o
 .debug_info    0x0001f7f3      0xd41 Src\system_stm32f4xx.o
 .debug_info    0x00020534      0xdfb Src\usb_device.o
 .debug_info    0x0002132f      0xfd3 Src\usbd_cdc_if.o
 .debug_info    0x00022302     0x1e37 Src\usbd_conf.o
 .debug_info    0x00024139      0xc10 Src\usbd_desc.o
 .debug_info    0x00024d49       0x73 startup\startup_stm32f411xe.o

.debug_abbrev   0x00000000     0x48b4
 .debug_abbrev  0x00000000      0x280 Drivers\STM32F4xx_HAL_Driver\Src\stm32f4xx_hal.o
 .debug_abbrev  0x00000280      0x371 Drivers\STM32F4xx_HAL_Driver\Src\stm32f4xx_hal_cortex.o
 .debug_abbrev  0x000005f1      0x24c Drivers\STM32F4xx_HAL_Driver\Src\stm32f4xx_hal_gpio.o
 .debug_abbrev  0x0000083d      0x2de Drivers\STM32F4xx_HAL_Driver\Src\stm32f4xx_hal_pcd.o
 .debug_abbrev  0x00000b1b      0x204 Drivers\STM32F4xx_HAL_Driver\Src\stm32f4xx_hal_pcd_ex.o
 .debug_abbrev  0x00000d1f      0x2c8 Drivers\STM32F4xx_HAL_Driver\Src\stm32f4xx_hal_rcc.o
 .debug_abbrev  0x00000fe7      0x2ac Drivers\STM32F4xx_HAL_Driver\Src\stm32f4xx_hal_spi.o
 .debug_abbrev  0x00001293      0x2ab Drivers\STM32F4xx_HAL_Driver\Src\stm32f4xx_hal_tim.o
 .debug_abbrev  0x0000153e      0x288 Drivers\STM32F4xx_HAL_Driver\Src\stm32f4xx_hal_tim_ex.o
 .debug_abbrev  0x000017c6      0x2c8 Drivers\STM32F4xx_HAL_Driver\Src\stm32f4xx_ll_usb.o
 .debug_abbrev  0x00001a8e      0x28c Middlewares\ST\STM32_USB_Device_Library\Class\CDC\Src\usbd_cdc.o
 .debug_abbrev  0x00001d1a      0x25c Middlewares\ST\STM32_USB_Device_Library\Core\Src\usbd_core.o
 .debug_abbrev  0x00001f76      0x28c Middlewares\ST\STM32_USB_Device_Library\Core\Src\usbd_ctlreq.o
 .debug_abbrev  0x00002202      0x1cc Middlewares\ST\STM32_USB_Device_Library\Core\Src\usbd_ioreq.o
 .debug_abbrev  0x000023ce      0x383 Middlewares\Third_Party\FreeRTOS\Source\CMSIS_RTOS\cmsis_os.o
 .debug_abbrev  0x00002751      0x1c5 Middlewares\Third_Party\FreeRTOS\Source\list.o
 .debug_abbrev  0x00002916      0x1d5 Middlewares\Third_Party\FreeRTOS\Source\portable\GCC\ARM_CM4F\port.o
 .debug_abbrev  0x00002aeb      0x29b Middlewares\Third_Party\FreeRTOS\Source\portable\MemMang\heap_4.o
 .debug_abbrev  0x00002d86      0x351 Middlewares\Third_Party\FreeRTOS\Source\tasks.o
 .debug_abbrev  0x000030d7      0x2a6 Src\main.o
 .debug_abbrev  0x0000337d      0x2d4 Src\nrf24.o
 .debug_abbrev  0x00003651      0x1e8 Src\nrf24_hal.o
 .debug_abbrev  0x00003839      0x1f2 Src\stm32f4xx_hal_msp.o
 .debug_abbrev  0x00003a2b      0x207 Src\stm32f4xx_hal_timebase_TIM.o
 .debug_abbrev  0x00003c32      0x1ed Src\stm32f4xx_it.o
 .debug_abbrev  0x00003e1f      0x1ca Src\system_stm32f4xx.o
 .debug_abbrev  0x00003fe9      0x1a6 Src\usb_device.o
 .debug_abbrev  0x0000418f      0x271 Src\usbd_cdc_if.o
 .debug_abbrev  0x00004400      0x291 Src\usbd_conf.o
 .debug_abbrev  0x00004691      0x211 Src\usbd_desc.o
 .debug_abbrev  0x000048a2       0x12 startup\startup_stm32f411xe.o

.debug_aranges  0x00000000     0x16f0
 .debug_aranges
                0x00000000       0xe0 Drivers\STM32F4xx_HAL_Driver\Src\stm32f4xx_hal.o
 .debug_aranges
                0x000000e0      0x118 Drivers\STM32F4xx_HAL_Driver\Src\stm32f4xx_hal_cortex.o
 .debug_aranges
                0x000001f8       0x58 Drivers\STM32F4xx_HAL_Driver\Src\stm32f4xx_hal_gpio.o
 .debug_aranges
                0x00000250      0x120 Drivers\STM32F4xx_HAL_Driver\Src\stm32f4xx_hal_pcd.o
 .debug_aranges
                0x00000370       0x28 Drivers\STM32F4xx_HAL_Driver\Src\stm32f4xx_hal_pcd_ex.o
 .debug_aranges
                0x00000398       0x88 Drivers\STM32F4xx_HAL_Driver\Src\stm32f4xx_hal_rcc.o
 .debug_aranges
                0x00000420      0x1c8 Drivers\STM32F4xx_HAL_Driver\Src\stm32f4xx_hal_spi.o
 .debug_aranges
                0x000005e8      0x368 Drivers\STM32F4xx_HAL_Driver\Src\stm32f4xx_hal_tim.o
 .debug_aranges
                0x00000950      0x140 Drivers\STM32F4xx_HAL_Driver\Src\stm32f4xx_hal_tim_ex.o
 .debug_aranges
                0x00000a90      0x180 Drivers\STM32F4xx_HAL_Driver\Src\stm32f4xx_ll_usb.o
 .debug_aranges
                0x00000c10       0x90 Middlewares\ST\STM32_USB_Device_Library\Class\CDC\Src\usbd_cdc.o
 .debug_aranges
                0x00000ca0       0xb8 Middlewares\ST\STM32_USB_Device_Library\Core\Src\usbd_core.o
 .debug_aranges
                0x00000d58       0x88 Middlewares\ST\STM32_USB_Device_Library\Core\Src\usbd_ctlreq.o
 .debug_aranges
                0x00000de0       0x50 Middlewares\ST\STM32_USB_Device_Library\Core\Src\usbd_ioreq.o
 .debug_aranges
                0x00000e30      0x1d8 Middlewares\Third_Party\FreeRTOS\Source\CMSIS_RTOS\cmsis_os.o
 .debug_aranges
                0x00001008       0x40 Middlewares\Third_Party\FreeRTOS\Source\list.o
 .debug_aranges
                0x00001048       0x80 Middlewares\Third_Party\FreeRTOS\Source\portable\GCC\ARM_CM4F\port.o
 .debug_aranges
                0x000010c8       0x50 Middlewares\Third_Party\FreeRTOS\Source\portable\MemMang\heap_4.o
 .debug_aranges
                0x00001118      0x190 Middlewares\Third_Party\FreeRTOS\Source\tasks.o
 .debug_aranges
                0x000012a8       0x58 Src\main.o
 .debug_aranges
                0x00001300      0x110 Src\nrf24.o
 .debug_aranges
                0x00001410       0x28 Src\nrf24_hal.o
 .debug_aranges
                0x00001438       0x30 Src\stm32f4xx_hal_msp.o
 .debug_aranges
                0x00001468       0x30 Src\stm32f4xx_hal_timebase_TIM.o
 .debug_aranges
                0x00001498       0x60 Src\stm32f4xx_it.o
 .debug_aranges
                0x000014f8       0x28 Src\system_stm32f4xx.o
 .debug_aranges
                0x00001520       0x20 Src\usb_device.o
 .debug_aranges
                0x00001540       0x40 Src\usbd_cdc_if.o
 .debug_aranges
                0x00001580       0xf8 Src\usbd_conf.o
 .debug_aranges
                0x00001678       0x50 Src\usbd_desc.o
 .debug_aranges
                0x000016c8       0x28 startup\startup_stm32f411xe.o

.debug_ranges   0x00000000     0x1508
 .debug_ranges  0x00000000       0xd0 Drivers\STM32F4xx_HAL_Driver\Src\stm32f4xx_hal.o
 .debug_ranges  0x000000d0      0x108 Drivers\STM32F4xx_HAL_Driver\Src\stm32f4xx_hal_cortex.o
 .debug_ranges  0x000001d8       0x48 Drivers\STM32F4xx_HAL_Driver\Src\stm32f4xx_hal_gpio.o
 .debug_ranges  0x00000220      0x110 Drivers\STM32F4xx_HAL_Driver\Src\stm32f4xx_hal_pcd.o
 .debug_ranges  0x00000330       0x18 Drivers\STM32F4xx_HAL_Driver\Src\stm32f4xx_hal_pcd_ex.o
 .debug_ranges  0x00000348       0x78 Drivers\STM32F4xx_HAL_Driver\Src\stm32f4xx_hal_rcc.o
 .debug_ranges  0x000003c0      0x1b8 Drivers\STM32F4xx_HAL_Driver\Src\stm32f4xx_hal_spi.o
 .debug_ranges  0x00000578      0x358 Drivers\STM32F4xx_HAL_Driver\Src\stm32f4xx_hal_tim.o
 .debug_ranges  0x000008d0      0x130 Drivers\STM32F4xx_HAL_Driver\Src\stm32f4xx_hal_tim_ex.o
 .debug_ranges  0x00000a00      0x170 Drivers\STM32F4xx_HAL_Driver\Src\stm32f4xx_ll_usb.o
 .debug_ranges  0x00000b70       0x80 Middlewares\ST\STM32_USB_Device_Library\Class\CDC\Src\usbd_cdc.o
 .debug_ranges  0x00000bf0       0xa8 Middlewares\ST\STM32_USB_Device_Library\Core\Src\usbd_core.o
 .debug_ranges  0x00000c98       0x78 Middlewares\ST\STM32_USB_Device_Library\Core\Src\usbd_ctlreq.o
 .debug_ranges  0x00000d10       0x40 Middlewares\ST\STM32_USB_Device_Library\Core\Src\usbd_ioreq.o
 .debug_ranges  0x00000d50      0x1c8 Middlewares\Third_Party\FreeRTOS\Source\CMSIS_RTOS\cmsis_os.o
 .debug_ranges  0x00000f18       0x30 Middlewares\Third_Party\FreeRTOS\Source\list.o
 .debug_ranges  0x00000f48       0x70 Middlewares\Third_Party\FreeRTOS\Source\portable\GCC\ARM_CM4F\port.o
 .debug_ranges  0x00000fb8       0x40 Middlewares\Third_Party\FreeRTOS\Source\portable\MemMang\heap_4.o
 .debug_ranges  0x00000ff8      0x180 Middlewares\Third_Party\FreeRTOS\Source\tasks.o
 .debug_ranges  0x00001178       0x48 Src\main.o
 .debug_ranges  0x000011c0      0x100 Src\nrf24.o
 .debug_ranges  0x000012c0       0x18 Src\nrf24_hal.o
 .debug_ranges  0x000012d8       0x20 Src\stm32f4xx_hal_msp.o
 .debug_ranges  0x000012f8       0x20 Src\stm32f4xx_hal_timebase_TIM.o
 .debug_ranges  0x00001318       0x50 Src\stm32f4xx_it.o
 .debug_ranges  0x00001368       0x18 Src\system_stm32f4xx.o
 .debug_ranges  0x00001380       0x10 Src\usb_device.o
 .debug_ranges  0x00001390       0x30 Src\usbd_cdc_if.o
 .debug_ranges  0x000013c0       0xe8 Src\usbd_conf.o
 .debug_ranges  0x000014a8       0x40 Src\usbd_desc.o
 .debug_ranges  0x000014e8       0x20 startup\startup_stm32f411xe.o

.debug_line     0x00000000     0xad0c
 .debug_line    0x00000000      0x491 Drivers\STM32F4xx_HAL_Driver\Src\stm32f4xx_hal.o
 .debug_line    0x00000491      0x5c9 Drivers\STM32F4xx_HAL_Driver\Src\stm32f4xx_hal_cortex.o
 .debug_line    0x00000a5a      0x45b Drivers\STM32F4xx_HAL_Driver\Src\stm32f4xx_hal_gpio.o
 .debug_line    0x00000eb5      0x7f9 Drivers\STM32F4xx_HAL_Driver\Src\stm32f4xx_hal_pcd.o
 .debug_line    0x000016ae      0x2fa Drivers\STM32F4xx_HAL_Driver\Src\stm32f4xx_hal_pcd_ex.o
 .debug_line    0x000019a8      0x530 Drivers\STM32F4xx_HAL_Driver\Src\stm32f4xx_hal_rcc.o
 .debug_line    0x00001ed8      0xc36 Drivers\STM32F4xx_HAL_Driver\Src\stm32f4xx_hal_spi.o
 .debug_line    0x00002b0e     0x1272 Drivers\STM32F4xx_HAL_Driver\Src\stm32f4xx_hal_tim.o
 .debug_line    0x00003d80      0x885 Drivers\STM32F4xx_HAL_Driver\Src\stm32f4xx_hal_tim_ex.o
 .debug_line    0x00004605      0x927 Drivers\STM32F4xx_HAL_Driver\Src\stm32f4xx_ll_usb.o
 .debug_line    0x00004f2c      0x4d2 Middlewares\ST\STM32_USB_Device_Library\Class\CDC\Src\usbd_cdc.o
 .debug_line    0x000053fe      0x4e2 Middlewares\ST\STM32_USB_Device_Library\Core\Src\usbd_core.o
 .debug_line    0x000058e0      0x53c Middlewares\ST\STM32_USB_Device_Library\Core\Src\usbd_ctlreq.o
 .debug_line    0x00005e1c      0x37d Middlewares\ST\STM32_USB_Device_Library\Core\Src\usbd_ioreq.o
 .debug_line    0x00006199      0x91c Middlewares\Third_Party\FreeRTOS\Source\CMSIS_RTOS\cmsis_os.o
 .debug_line    0x00006ab5      0x364 Middlewares\Third_Party\FreeRTOS\Source\list.o
 .debug_line    0x00006e19      0x3b8 Middlewares\Third_Party\FreeRTOS\Source\portable\GCC\ARM_CM4F\port.o
 .debug_line    0x000071d1      0x401 Middlewares\Third_Party\FreeRTOS\Source\portable\MemMang\heap_4.o
 .debug_line    0x000075d2      0xd29 Middlewares\Third_Party\FreeRTOS\Source\tasks.o
 .debug_line    0x000082fb      0x53b Src\main.o
 .debug_line    0x00008836      0x52e Src\nrf24.o
 .debug_line    0x00008d64      0x2da Src\nrf24_hal.o
 .debug_line    0x0000903e      0x2fa Src\stm32f4xx_hal_msp.o
 .debug_line    0x00009338      0x304 Src\stm32f4xx_hal_timebase_TIM.o
 .debug_line    0x0000963c      0x36e Src\stm32f4xx_it.o
 .debug_line    0x000099aa      0x270 Src\system_stm32f4xx.o
 .debug_line    0x00009c1a      0x357 Src\usb_device.o
 .debug_line    0x00009f71      0x38f Src\usbd_cdc_if.o
 .debug_line    0x0000a300      0x627 Src\usbd_conf.o
 .debug_line    0x0000a927      0x366 Src\usbd_desc.o
 .debug_line    0x0000ac8d       0x7f startup\startup_stm32f411xe.o

.debug_str      0x00000000     0x6c19
 .debug_str     0x00000000      0xd84 Drivers\STM32F4xx_HAL_Driver\Src\stm32f4xx_hal.o
                                0xe2a (size before relaxing)
 .debug_str     0x00000d84      0x3ff Drivers\STM32F4xx_HAL_Driver\Src\stm32f4xx_hal_cortex.o
                                0xf34 (size before relaxing)
 .debug_str     0x00001183      0x1d8 Drivers\STM32F4xx_HAL_Driver\Src\stm32f4xx_hal_gpio.o
                                0x974 (size before relaxing)
 .debug_str     0x0000135b      0x7ba Drivers\STM32F4xx_HAL_Driver\Src\stm32f4xx_hal_pcd.o
                                0xe55 (size before relaxing)
 .debug_str     0x00001b15       0x72 Drivers\STM32F4xx_HAL_Driver\Src\stm32f4xx_hal_pcd_ex.o
                                0x9ee (size before relaxing)
 .debug_str     0x00001b87      0x2e9 Drivers\STM32F4xx_HAL_Driver\Src\stm32f4xx_hal_rcc.o
                                0xb20 (size before relaxing)
 .debug_str     0x00001e70      0x888 Drivers\STM32F4xx_HAL_Driver\Src\stm32f4xx_hal_spi.o
                                0xfb0 (size before relaxing)
 .debug_str     0x000026f8      0xeb3 Drivers\STM32F4xx_HAL_Driver\Src\stm32f4xx_hal_tim.o
                               0x17d2 (size before relaxing)
 .debug_str     0x000035ab      0x543 Drivers\STM32F4xx_HAL_Driver\Src\stm32f4xx_hal_tim_ex.o
                               0x108d (size before relaxing)
 .debug_str     0x00003aee      0x5c5 Drivers\STM32F4xx_HAL_Driver\Src\stm32f4xx_ll_usb.o
                               0x1008 (size before relaxing)
 .debug_str     0x000040b3      0x597 Middlewares\ST\STM32_USB_Device_Library\Class\CDC\Src\usbd_cdc.o
                                0xca7 (size before relaxing)
 .debug_str     0x0000464a      0x1c1 Middlewares\ST\STM32_USB_Device_Library\Core\Src\usbd_core.o
                                0xbb8 (size before relaxing)
 .debug_str     0x0000480b      0x12b Middlewares\ST\STM32_USB_Device_Library\Core\Src\usbd_ctlreq.o
                                0xb3e (size before relaxing)
 .debug_str     0x00004936       0xc9 Middlewares\ST\STM32_USB_Device_Library\Core\Src\usbd_ioreq.o
                                0xac6 (size before relaxing)
 .debug_str     0x000049ff      0x8b3 Middlewares\Third_Party\FreeRTOS\Source\CMSIS_RTOS\cmsis_os.o
                                0xf74 (size before relaxing)
 .debug_str     0x000052b2      0x14f Middlewares\Third_Party\FreeRTOS\Source\list.o
                                0x74e (size before relaxing)
 .debug_str     0x00005401      0x244 Middlewares\Third_Party\FreeRTOS\Source\portable\GCC\ARM_CM4F\port.o
                                0x46a (size before relaxing)
 .debug_str     0x00005645      0x1ff Middlewares\Third_Party\FreeRTOS\Source\portable\MemMang\heap_4.o
                                0x818 (size before relaxing)
 .debug_str     0x00005844      0x98e Middlewares\Third_Party\FreeRTOS\Source\tasks.o
                               0x1166 (size before relaxing)
 .debug_str     0x000061d2      0x2fe Src\main.o
                               0x1a3c (size before relaxing)
 .debug_str     0x000064d0      0x28d Src\nrf24.o
                                0xa40 (size before relaxing)
 .debug_str     0x0000675d       0x3b Src\nrf24_hal.o
                                0xb1b (size before relaxing)
 .debug_str     0x00006798       0x1b Src\stm32f4xx_hal_msp.o
                                0xfa9 (size before relaxing)
 .debug_str     0x000067b3       0x62 Src\stm32f4xx_hal_timebase_TIM.o
                               0x100b (size before relaxing)
 .debug_str     0x00006815       0xc6 Src\stm32f4xx_it.o
                                0xdd3 (size before relaxing)
 .debug_str     0x000068db       0x45 Src\system_stm32f4xx.o
                                0x7d8 (size before relaxing)
 .debug_str     0x00006920       0x3e Src\usb_device.o
                                0xa5a (size before relaxing)
 .debug_str     0x0000695e       0x7b Src\usbd_cdc_if.o
                                0xb3e (size before relaxing)
 .debug_str     0x000069d9      0x132 Src\usbd_conf.o
                               0x154e (size before relaxing)
 .debug_str     0x00006b0b      0x10e Src\usbd_desc.o
                                0x869 (size before relaxing)

.comment        0x00000000       0x7c
 .comment       0x00000000       0x7c Drivers\STM32F4xx_HAL_Driver\Src\stm32f4xx_hal.o
                                 0x7d (size before relaxing)
 .comment       0x0000007c       0x7d Drivers\STM32F4xx_HAL_Driver\Src\stm32f4xx_hal_cortex.o
 .comment       0x0000007c       0x7d Drivers\STM32F4xx_HAL_Driver\Src\stm32f4xx_hal_gpio.o
 .comment       0x0000007c       0x7d Drivers\STM32F4xx_HAL_Driver\Src\stm32f4xx_hal_pcd.o
 .comment       0x0000007c       0x7d Drivers\STM32F4xx_HAL_Driver\Src\stm32f4xx_hal_pcd_ex.o
 .comment       0x0000007c       0x7d Drivers\STM32F4xx_HAL_Driver\Src\stm32f4xx_hal_rcc.o
 .comment       0x0000007c       0x7d Drivers\STM32F4xx_HAL_Driver\Src\stm32f4xx_hal_spi.o
 .comment       0x0000007c       0x7d Drivers\STM32F4xx_HAL_Driver\Src\stm32f4xx_hal_tim.o
 .comment       0x0000007c       0x7d Drivers\STM32F4xx_HAL_Driver\Src\stm32f4xx_hal_tim_ex.o
 .comment       0x0000007c       0x7d Drivers\STM32F4xx_HAL_Driver\Src\stm32f4xx_ll_usb.o
 .comment       0x0000007c       0x7d Middlewares\ST\STM32_USB_Device_Library\Class\CDC\Src\usbd_cdc.o
 .comment       0x0000007c       0x7d Middlewares\ST\STM32_USB_Device_Library\Core\Src\usbd_core.o
 .comment       0x0000007c       0x7d Middlewares\ST\STM32_USB_Device_Library\Core\Src\usbd_ctlreq.o
 .comment       0x0000007c       0x7d Middlewares\ST\STM32_USB_Device_Library\Core\Src\usbd_ioreq.o
 .comment       0x0000007c       0x7d Middlewares\Third_Party\FreeRTOS\Source\CMSIS_RTOS\cmsis_os.o
 .comment       0x0000007c       0x7d Middlewares\Third_Party\FreeRTOS\Source\list.o
 .comment       0x0000007c       0x7d Middlewares\Third_Party\FreeRTOS\Source\portable\GCC\ARM_CM4F\port.o
 .comment       0x0000007c       0x7d Middlewares\Third_Party\FreeRTOS\Source\portable\MemMang\heap_4.o
 .comment       0x0000007c       0x7d Middlewares\Third_Party\FreeRTOS\Source\tasks.o
 .comment       0x0000007c       0x7d Src\main.o
 .comment       0x0000007c       0x7d Src\nrf24.o
 .comment       0x0000007c       0x7d Src\nrf24_hal.o
 .comment       0x0000007c       0x7d Src\stm32f4xx_hal_msp.o
 .comment       0x0000007c       0x7d Src\stm32f4xx_hal_timebase_TIM.o
 .comment       0x0000007c       0x7d Src\stm32f4xx_it.o
 .comment       0x0000007c       0x7d Src\system_stm32f4xx.o
 .comment       0x0000007c       0x7d Src\usb_device.o
 .comment       0x0000007c       0x7d Src\usbd_cdc_if.o
 .comment       0x0000007c       0x7d Src\usbd_conf.o
 .comment       0x0000007c       0x7d Src\usbd_desc.o

.debug_frame    0x00000000     0x5f38
 .debug_frame   0x00000000      0x33c Drivers\STM32F4xx_HAL_Driver\Src\stm32f4xx_hal.o
 .debug_frame   0x0000033c      0x498 Drivers\STM32F4xx_HAL_Driver\Src\stm32f4xx_hal_cortex.o
 .debug_frame   0x000007d4      0x14c Drivers\STM32F4xx_HAL_Driver\Src\stm32f4xx_hal_gpio.o
 .debug_frame   0x00000920      0x508 Drivers\STM32F4xx_HAL_Driver\Src\stm32f4xx_hal_pcd.o
 .debug_frame   0x00000e28       0x60 Drivers\STM32F4xx_HAL_Driver\Src\stm32f4xx_hal_pcd_ex.o
 .debug_frame   0x00000e88      0x1f8 Drivers\STM32F4xx_HAL_Driver\Src\stm32f4xx_hal_rcc.o
 .debug_frame   0x00001080      0x7fc Drivers\STM32F4xx_HAL_Driver\Src\stm32f4xx_hal_spi.o
 .debug_frame   0x0000187c      0xfb4 Drivers\STM32F4xx_HAL_Driver\Src\stm32f4xx_hal_tim.o
 .debug_frame   0x00002830      0x574 Drivers\STM32F4xx_HAL_Driver\Src\stm32f4xx_hal_tim_ex.o
 .debug_frame   0x00002da4      0x710 Drivers\STM32F4xx_HAL_Driver\Src\stm32f4xx_ll_usb.o