nrf24.c:11:16:nRF24_ReadReg	24	static
nrf24.c:26:13:nRF24_WriteReg	16	static
nrf24.c:49:13:nRF24_ReadMBReg	24	static
nrf24.c:63:13:nRF24_WriteMBReg	16	static
nrf24.c:74:6:nRF24_Init	8	static
nrf24.c:108:9:nRF24_Check	24	static
nrf24.c:128:6:nRF24_SetPowerMode	24	static
nrf24.c:147:6:nRF24_SetOperationalMode	24	static
nrf24.c:162:6:nRF24_SetCRCScheme	24	static
nrf24.c:177:6:nRF24_SetRFChannel	16	static
nrf24.c:186:6:nRF24_SetAutoRetr	16	static
nrf24.c:195:6:nRF24_SetAddrWidth	16	static
nrf24.c:209:6:nRF24_SetAddr	24	static
nrf24.c:244:6:nRF24_SetTXPower	24	static
nrf24.c:257:6:nRF24_SetDataRate	24	static
nrf24.c:272:6:nRF24_SetRXPipe	24	static
nrf24.c:295:6:nRF24_ClosePipe	24	static
nrf24.c:307:6:nRF24_EnableAA	24	static
nrf24.c:319:6:nRF24_DisableAA	24	static
nrf24.c:335:9:nRF24_GetStatus	8	static
nrf24.c:341:9:nRF24_GetIRQFlags	8	static
nrf24.c:347:9:nRF24_GetStatus_RXFIFO	8	static
nrf24.c:354:9:nRF24_GetStatus_TXFIFO	8	static
nrf24.c:360:9:nRF24_GetRXSource	8	static
nrf24.c:368:9:nRF24_GetRetransmitCounters	8	static
nrf24.c:373:6:nRF24_ResetPLOS	16	static
nrf24.c:382:6:nRF24_FlushTX	8	static
nrf24.c:387:6:nRF24_FlushRX	8	static
nrf24.c:392:6:nRF24_ClearIRQFlags	16	static
nrf24.c:405:6:nRF24_WritePayload	16	static
nrf24.c:416:16:nRF24_ReadPayload	24	static
